Archive member included to satisfy reference by file (symbol)

/Users/harika_pradeep/Downloads/CMPE240/CMSIS_CORE_LPC17xx/Debug/libCMSIS_CORE_LPC17xx.a(system_LPC17xx.o)
                              ./src/cr_startup_lpc175x_6x.o (SystemInit)
/Applications/MCUXpressoIDE_11.0.0_2516/ide/plugins/com.nxp.mcuxpresso.tools.macosx_11.0.0.201905131304/tools/bin/../lib/gcc/arm-none-eabi/8.2.1/../../../../arm-none-eabi/lib/thumb/v7-m/nofp/libcr_semihost.a(_cr__main.o)
                              ./src/cr_startup_lpc175x_6x.o (__main)
/Applications/MCUXpressoIDE_11.0.0_2516/ide/plugins/com.nxp.mcuxpresso.tools.macosx_11.0.0.201905131304/tools/bin/../lib/gcc/arm-none-eabi/8.2.1/../../../../arm-none-eabi/lib/thumb/v7-m/nofp/libcr_c.a(acos.o)
                              ./src/3D_Cube.o (acos)
/Applications/MCUXpressoIDE_11.0.0_2516/ide/plugins/com.nxp.mcuxpresso.tools.macosx_11.0.0.201905131304/tools/bin/../lib/gcc/arm-none-eabi/8.2.1/../../../../arm-none-eabi/lib/thumb/v7-m/nofp/libcr_c.a(cos.o)
                              ./src/3D_Cube.o (cos)
/Applications/MCUXpressoIDE_11.0.0_2516/ide/plugins/com.nxp.mcuxpresso.tools.macosx_11.0.0.201905131304/tools/bin/../lib/gcc/arm-none-eabi/8.2.1/../../../../arm-none-eabi/lib/thumb/v7-m/nofp/libcr_c.a(fpprintf.o)
                              ./src/3D_Cube.o (printf)
/Applications/MCUXpressoIDE_11.0.0_2516/ide/plugins/com.nxp.mcuxpresso.tools.macosx_11.0.0.201905131304/tools/bin/../lib/gcc/arm-none-eabi/8.2.1/../../../../arm-none-eabi/lib/thumb/v7-m/nofp/libcr_c.a(initio.o)
                              /Applications/MCUXpressoIDE_11.0.0_2516/ide/plugins/com.nxp.mcuxpresso.tools.macosx_11.0.0.201905131304/tools/bin/../lib/gcc/arm-none-eabi/8.2.1/../../../../arm-none-eabi/lib/thumb/v7-m/nofp/libcr_semihost.a(_cr__main.o) (_initio)
/Applications/MCUXpressoIDE_11.0.0_2516/ide/plugins/com.nxp.mcuxpresso.tools.macosx_11.0.0.201905131304/tools/bin/../lib/gcc/arm-none-eabi/8.2.1/../../../../arm-none-eabi/lib/thumb/v7-m/nofp/libcr_c.a(pow.o)
                              ./src/3D_Cube.o (pow)
/Applications/MCUXpressoIDE_11.0.0_2516/ide/plugins/com.nxp.mcuxpresso.tools.macosx_11.0.0.201905131304/tools/bin/../lib/gcc/arm-none-eabi/8.2.1/../../../../arm-none-eabi/lib/thumb/v7-m/nofp/libcr_c.a(printf.o)
                              /Applications/MCUXpressoIDE_11.0.0_2516/ide/plugins/com.nxp.mcuxpresso.tools.macosx_11.0.0.201905131304/tools/bin/../lib/gcc/arm-none-eabi/8.2.1/../../../../arm-none-eabi/lib/thumb/v7-m/nofp/libcr_c.a(fpprintf.o) (__vfprintf)
/Applications/MCUXpressoIDE_11.0.0_2516/ide/plugins/com.nxp.mcuxpresso.tools.macosx_11.0.0.201905131304/tools/bin/../lib/gcc/arm-none-eabi/8.2.1/../../../../arm-none-eabi/lib/thumb/v7-m/nofp/libcr_c.a(puts.o)
                              ./src/3D_Cube.o (puts)
/Applications/MCUXpressoIDE_11.0.0_2516/ide/plugins/com.nxp.mcuxpresso.tools.macosx_11.0.0.201905131304/tools/bin/../lib/gcc/arm-none-eabi/8.2.1/../../../../arm-none-eabi/lib/thumb/v7-m/nofp/libcr_c.a(setvbuf.o)
                              /Applications/MCUXpressoIDE_11.0.0_2516/ide/plugins/com.nxp.mcuxpresso.tools.macosx_11.0.0.201905131304/tools/bin/../lib/gcc/arm-none-eabi/8.2.1/../../../../arm-none-eabi/lib/thumb/v7-m/nofp/libcr_c.a(initio.o) (setvbuf)
/Applications/MCUXpressoIDE_11.0.0_2516/ide/plugins/com.nxp.mcuxpresso.tools.macosx_11.0.0.201905131304/tools/bin/../lib/gcc/arm-none-eabi/8.2.1/../../../../arm-none-eabi/lib/thumb/v7-m/nofp/libcr_c.a(sin.o)
                              ./src/3D_Cube.o (sin)
/Applications/MCUXpressoIDE_11.0.0_2516/ide/plugins/com.nxp.mcuxpresso.tools.macosx_11.0.0.201905131304/tools/bin/../lib/gcc/arm-none-eabi/8.2.1/../../../../arm-none-eabi/lib/thumb/v7-m/nofp/libcr_c.a(sqrt.o)
                              ./src/3D_Cube.o (sqrt)
/Applications/MCUXpressoIDE_11.0.0_2516/ide/plugins/com.nxp.mcuxpresso.tools.macosx_11.0.0.201905131304/tools/bin/../lib/gcc/arm-none-eabi/8.2.1/../../../../arm-none-eabi/lib/thumb/v7-m/nofp/libcr_c.a(stdlib.o)
                              ./src/3D_Cube.o (abs)
/Applications/MCUXpressoIDE_11.0.0_2516/ide/plugins/com.nxp.mcuxpresso.tools.macosx_11.0.0.201905131304/tools/bin/../lib/gcc/arm-none-eabi/8.2.1/../../../../arm-none-eabi/lib/thumb/v7-m/nofp/libcr_c.a(strlen.o)
                              /Applications/MCUXpressoIDE_11.0.0_2516/ide/plugins/com.nxp.mcuxpresso.tools.macosx_11.0.0.201905131304/tools/bin/../lib/gcc/arm-none-eabi/8.2.1/../../../../arm-none-eabi/lib/thumb/v7-m/nofp/libcr_c.a(printf.o) (strlen)
/Applications/MCUXpressoIDE_11.0.0_2516/ide/plugins/com.nxp.mcuxpresso.tools.macosx_11.0.0.201905131304/tools/bin/../lib/gcc/arm-none-eabi/8.2.1/../../../../arm-none-eabi/lib/thumb/v7-m/nofp/libcr_c.a(memset.o)
                              /Applications/MCUXpressoIDE_11.0.0_2516/ide/plugins/com.nxp.mcuxpresso.tools.macosx_11.0.0.201905131304/tools/bin/../lib/gcc/arm-none-eabi/8.2.1/../../../../arm-none-eabi/lib/thumb/v7-m/nofp/libcr_c.a(fpprintf.o) (memset)
[...]
Memory Configuration

Name             Origin             Length             Attributes
MFlash512        0x0000000000000000 0x0000000000080000 xr
RamLoc32         0x0000000010000000 0x0000000000008000 xrw
RamAHB32         0x000000002007c000 0x0000000000008000 xrw
*default*        0x0000000000000000 0xffffffffffffffff

Linker script and memory map

LOAD ./src/3D_Cube.o
LOAD ./src/cr_startup_lpc175x_6x.o
LOAD ./src/crp.o
LOAD ./src/ssp.o
LOAD /Users/harika_pradeep/Downloads/CMPE240/CMSIS_CORE_LPC17xx/Debug/libCMSIS_CORE_LPC17xx.a
START GROUP
LOAD /Applications/MCUXpressoIDE_11.0.0_2516/ide/plugins/com.nxp.mcuxpresso.tools.macosx_11.0.0.201905131304/tools/bin/../lib/gcc/arm-none-eabi/8.2.1/../../../../arm-none-eabi/lib/thumb/v7-m/nofp/libcr_semihost.a
LOAD /Applications/MCUXpressoIDE_11.0.0_2516/ide/plugins/com.nxp.mcuxpresso.tools.macosx_11.0.0.201905131304/tools/bin/../lib/gcc/arm-none-eabi/8.2.1/../../../../arm-none-eabi/lib/thumb/v7-m/nofp/libcr_c.a
LOAD /Applications/MCUXpressoIDE_11.0.0_2516/ide/plugins/com.nxp.mcuxpresso.tools.macosx_11.0.0.201905131304/tools/bin/../lib/gcc/arm-none-eabi/8.2.1/thumb/v7-m/nofp/libcr_eabihelpers.a
LOAD /Applications/MCUXpressoIDE_11.0.0_2516/ide/plugins/com.nxp.mcuxpresso.tools.macosx_11.0.0.201905131304/tools/bin/../lib/gcc/arm-none-eabi/8.2.1/thumb/v7-m/nofp/libgcc.a
END GROUP
                0x0000000000000000                __base_MFlash512 = 0x0
                0x0000000000000000                __base_Flash = 0x0
                0x0000000000080000                __top_MFlash512 = 0x80000
                0x0000000000080000                __top_Flash = 0x80000
                0x0000000010000000                __base_RamLoc32 = 0x10000000
                0x0000000010000000                __base_RAM = 0x10000000
                0x0000000010008000                __top_RamLoc32 = 0x10008000
                0x0000000010008000                __top_RAM = 0x10008000
                0x000000002007c000                __base_RamAHB32 = 0x2007c000
                0x000000002007c000                __base_RAM2 = 0x2007c000
                0x0000000020084000                __top_RamAHB32 = 0x20084000
                0x0000000020084000                __top_RAM2 = 0x20084000

.text           0x0000000000000000     0x627c
 FILL mask 0xff
                0x0000000000000000                __vectors_start__ = ABSOLUTE (.)
 *(.isr_vector)
 .isr_vector    0x0000000000000000       0xcc ./src/cr_startup_lpc175x_6x.o
                0x0000000000000000                g_pfnVectors
                0x00000000000000cc                . = ALIGN (0x4)
                0x00000000000000cc                __section_table_start = .
                0x00000000000000cc                __data_section_table = .
                0x00000000000000cc        0x4 LONG 0x627c LOADADDR (.data)
                0x00000000000000d0        0x4 LONG 0x10000000 ADDR (.data)
                0x00000000000000d4        0x4 LONG 0x18 SIZEOF (.data)
                0x00000000000000d8        0x4 LONG 0x627c LOADADDR (.data_RAM2)
                0x00000000000000dc        0x4 LONG 0x2007c000 ADDR (.data_RAM2)
                0x00000000000000e0        0x4 LONG 0x0 SIZEOF (.data_RAM2)
                0x00000000000000e4                __data_section_table_end = .
                0x00000000000000e4                __bss_section_table = .
                0x00000000000000e4        0x4 LONG 0x10000018 ADDR (.bss)
                0x00000000000000e8        0x4 LONG 0x224 SIZEOF (.bss)
                0x00000000000000ec        0x4 LONG 0x2007c000 ADDR (.bss_RAM2)
                0x00000000000000f0        0x4 LONG 0x0 SIZEOF (.bss_RAM2)
                0x00000000000000f4                __bss_section_table_end = .
                0x00000000000000f4                __section_table_end = .
 *(.after_vectors*)
 .after_vectors
                0x00000000000000f4      0x12c ./src/cr_startup_lpc175x_6x.o
                0x00000000000000f4                data_init
                0x0000000000000136                bss_init
                0x000000000000016c                ResetISR
                0x00000000000001e4                NMI_Handler
                0x00000000000001ea                HardFault_Handler
                0x00000000000001f0                MemManage_Handler
                0x00000000000001f6                BusFault_Handler
                0x00000000000001fc                UsageFault_Handler
                0x0000000000000202                SVC_Handler
                0x0000000000000208                DebugMon_Handler
                0x000000000000020e                PendSV_Handler
                0x0000000000000214                SysTick_Handler
                0x000000000000021a                UART1_IRQHandler
                0x000000000000021a                EINT3_IRQHandler
                0x000000000000021a                CANActivity_IRQHandler
                0x000000000000021a                TIMER3_IRQHandler
                0x000000000000021a                UART0_IRQHandler
                0x000000000000021a                USBActivity_IRQHandler
                0x000000000000021a                TIMER2_IRQHandler
                0x000000000000021a                IntDefaultHandler
                0x000000000000021a                PLL0_IRQHandler
                0x000000000000021a                CAN_IRQHandler
                0x000000000000021a                PLL1_IRQHandler
                0x000000000000021a                I2S_IRQHandler
                0x000000000000021a                I2C2_IRQHandler
                0x000000000000021a                RTC_IRQHandler
                0x000000000000021a                TIMER0_IRQHandler
                0x000000000000021a                SPI_IRQHandler
                0x000000000000021a                EINT1_IRQHandler
                0x000000000000021a                TIMER1_IRQHandler
                0x000000000000021a                UART2_IRQHandler
                0x000000000000021a                ADC_IRQHandler
                0x000000000000021a                USB_IRQHandler
                0x000000000000021a                BOD_IRQHandler
                0x000000000000021a                I2C0_IRQHandler
                0x000000000000021a                WDT_IRQHandler
                0x000000000000021a                QEI_IRQHandler
                0x000000000000021a                EINT0_IRQHandler
                0x000000000000021a                RIT_IRQHandler
                0x000000000000021a                DMA_IRQHandler
                0x000000000000021a                UART3_IRQHandler
                0x000000000000021a                MCPWM_IRQHandler
                0x000000000000021a                ENET_IRQHandler
                0x000000000000021a                PWM1_IRQHandler
                0x000000000000021a                I2C1_IRQHandler
                0x000000000000021a                EINT2_IRQHandler
                0x00000000000002fc                . = 0x2fc
 *fill*         0x0000000000000220       0xdc ff
                0x00000000000002fc                PROVIDE (__CRP_WORD_START__ = .)
 *(.crp)
 .crp           0x00000000000002fc        0x4 ./src/crp.o
                0x00000000000002fc                CRP_WORD
                0x0000000000000300                PROVIDE (__CRP_WORD_END__ = .)
                0x0000000000000001                ASSERT (! ((__CRP_WORD_START__ == __CRP_WORD_END__)), Linker CRP Enabled, but no CRP_WORD provided within application)
 *(.text*)
 .text.spiwrite
                0x0000000000000300       0x40 ./src/3D_Cube.o
                0x0000000000000300                spiwrite
 .text.writecommand
                0x0000000000000340       0x2c ./src/3D_Cube.o
                0x0000000000000340                writecommand
 .text.writedata
                0x000000000000036c       0x2c ./src/3D_Cube.o
                0x000000000000036c                writedata
 .text.writeword
                0x0000000000000398       0x2e ./src/3D_Cube.o
                0x0000000000000398                writeword
 .text.write888
                0x00000000000003c6       0x4e ./src/3D_Cube.o
                0x00000000000003c6                write888
 .text.setAddrWindow
                0x0000000000000414       0x52 ./src/3D_Cube.o
                0x0000000000000414                setAddrWindow
 .text.fillrect
                0x0000000000000466       0x68 ./src/3D_Cube.o
                0x0000000000000466                fillrect
 .text.lcddelay
                0x00000000000004ce       0x2e ./src/3D_Cube.o
                0x00000000000004ce                lcddelay
 .text.lcd_init
                0x00000000000004fc       0xc4 ./src/3D_Cube.o
                0x00000000000004fc                lcd_init
 .text.drawPixel
                0x00000000000005c0       0x6c ./src/3D_Cube.o
                0x00000000000005c0                drawPixel
 .text.drawLine
                0x000000000000062c      0x18e ./src/3D_Cube.o
                0x000000000000062c                drawLine
 *fill*         0x00000000000007ba        0x2 ff
 .text.v2p_x    0x00000000000007bc       0x28 ./src/3D_Cube.o
                0x00000000000007bc                v2p_x
 .text.v2p_y    0x00000000000007e4       0x28 ./src/3D_Cube.o
                0x00000000000007e4                v2p_y
 .text.round    0x000000000000080c       0x64 ./src/3D_Cube.o
                0x000000000000080c                round
 .text.Transformation_pipeline
                0x0000000000000870      0x374 ./src/3D_Cube.o
                0x0000000000000870                Transformation_pipeline
 .text.diff_reflection
                0x0000000000000be4      0x150 ./src/3D_Cube.o
                0x0000000000000be4                diff_reflection
 .text.fillshadow
                0x0000000000000d34       0x92 ./src/3D_Cube.o
                0x0000000000000d34                fillshadow
 *fill*         0x0000000000000dc6        0x2 ff
 .text.fillside
                0x0000000000000dc8      0x218 ./src/3D_Cube.o
                0x0000000000000dc8                fillside
 .text.findcolor
                0x0000000000000fe0       0xfe ./src/3D_Cube.o
                0x0000000000000fe0                findcolor
 .text.DDA_line
                0x00000000000010de      0x116 ./src/3D_Cube.o
                0x00000000000010de                DDA_line
 .text.draw3dcube
                0x00000000000011f4      0x348 ./src/3D_Cube.o
                0x00000000000011f4                draw3dcube
 .text.lambda_calc
                0x000000000000153c       0x2c ./src/3D_Cube.o
                0x000000000000153c                lambda_calc
 .text.draw3DAxes
                0x0000000000001568      0x600 ./src/3D_Cube.o
                0x0000000000001568                draw3DAxes
 .text.DrawShadow
                0x0000000000001b68      0x4f8 ./src/3D_Cube.o
                0x0000000000001b68                DrawShadow
 .text.draw_H   0x0000000000002060      0x318 ./src/3D_Cube.o
                0x0000000000002060                draw_H
 .text.main     0x0000000000002378      0x270 ./src/3D_Cube.o
                0x0000000000002378                main
 .text.NVIC_EnableIRQ
                0x00000000000025e8       0x30 ./src/ssp.o
 .text.SSP0_IRQHandler
                0x0000000000002618       0x70 ./src/ssp.o
                0x0000000000002618                SSP0_IRQHandler
 .text.SSP1_IRQHandler
                0x0000000000002688       0x70 ./src/ssp.o
                0x0000000000002688                SSP1_IRQHandler
 .text.SSP_SSELToggle
                0x00000000000026f8       0x68 ./src/ssp.o
                0x00000000000026f8                SSP_SSELToggle
 .text.SSP1Init
                0x0000000000002760       0xa8 ./src/ssp.o
                0x0000000000002760                SSP1Init
 .text.SSPSend  0x0000000000002808       0xa0 ./src/ssp.o
                0x0000000000002808                SSPSend
 .text.SystemInit
                0x00000000000028a8       0xdc /Users/harika_pradeep/Downloads/CMPE240/CMSIS_CORE_LPC17xx/Debug/libCMSIS_CORE_LPC17xx.a(system_LPC17xx.o)
                0x00000000000028a8                SystemInit
 .text.__main   0x0000000000002984        0xe /Applications/MCUXpressoIDE_11.0.0_2516/ide/plugins/com.nxp.mcuxpresso.tools.macosx_11.0.0.201905131304/tools/bin/../lib/gcc/arm-none-eabi/8.2.1/../../../../arm-none-eabi/lib/thumb/v7-m/nofp/libcr_semihost.a(_cr__main.o)
                0x0000000000002984                __main
                0x0000000000002984                __CR_SEMIHOST
 .text.acos     0x0000000000002992        0x6 /Applications/MCUXpressoIDE_11.0.0_2516/ide/plugins/com.nxp.mcuxpresso.tools.macosx_11.0.0.201905131304/tools/bin/../lib/gcc/arm-none-eabi/8.2.1/../../../../arm-none-eabi/lib/thumb/v7-m/nofp/libcr_c.a(acos.o)
                0x0000000000002992                acos
 .text.cos      0x0000000000002998       0x60 /Applications/MCUXpressoIDE_11.0.0_2516/ide/plugins/com.nxp.mcuxpresso.tools.macosx_11.0.0.201905131304/tools/bin/../lib/gcc/arm-none-eabi/8.2.1/../../../../arm-none-eabi/lib/thumb/v7-m/nofp/libcr_c.a(cos.o)
                0x0000000000002998                cos
 .text.fp_round
                0x00000000000029f8       0x4c /Applications/MCUXpressoIDE_11.0.0_2516/ide/plugins/com.nxp.mcuxpresso.tools.macosx_11.0.0.201905131304/tools/bin/../lib/gcc/arm-none-eabi/8.2.1/../../../../arm-none-eabi/lib/thumb/v7-m/nofp/libcr_c.a(fpprintf.o)
 .text.pr_dec.constprop.1
                0x0000000000002a44       0x26 /Applications/MCUXpressoIDE_11.0.0_2516/ide/plugins/com.nxp.mcuxpresso.tools.macosx_11.0.0.201905131304/tools/bin/../lib/gcc/arm-none-eabi/8.2.1/../../../../arm-none-eabi/lib/thumb/v7-m/nofp/libcr_c.a(fpprintf.o)
 *fill*         0x0000000000002a6a        0x2 ff
 .text.sprintf  0x0000000000002a6c       0x6c /Applications/MCUXpressoIDE_11.0.0_2516/ide/plugins/com.nxp.mcuxpresso.tools.macosx_11.0.0.201905131304/tools/bin/../lib/gcc/arm-none-eabi/8.2.1/../../../../arm-none-eabi/lib/thumb/v7-m/nofp/libcr_c.a(fpprintf.o)
                0x0000000000002a6c                sprintf
 .text.fp_display
                0x0000000000002ad8      0x948 /Applications/MCUXpressoIDE_11.0.0_2516/ide/plugins/com.nxp.mcuxpresso.tools.macosx_11.0.0.201905131304/tools/bin/../lib/gcc/arm-none-eabi/8.2.1/../../../../arm-none-eabi/lib/thumb/v7-m/nofp/libcr_c.a(fpprintf.o)
 .text.vsnprintf
                0x0000000000003420       0x68 /Applications/MCUXpressoIDE_11.0.0_2516/ide/plugins/com.nxp.mcuxpresso.tools.macosx_11.0.0.201905131304/tools/bin/../lib/gcc/arm-none-eabi/8.2.1/../../../../arm-none-eabi/lib/thumb/v7-m/nofp/libcr_c.a(fpprintf.o)
                0x0000000000003420                vsnprintf
 .text.printf   0x0000000000003488       0x54 /Applications/MCUXpressoIDE_11.0.0_2516/ide/plugins/com.nxp.mcuxpresso.tools.macosx_11.0.0.201905131304/tools/bin/../lib/gcc/arm-none-eabi/8.2.1/../../../../arm-none-eabi/lib/thumb/v7-m/nofp/libcr_c.a(fpprintf.o)
                0x0000000000003488                printf
 .text._initio  0x00000000000034dc       0x78 /Applications/MCUXpressoIDE_11.0.0_2516/ide/plugins/com.nxp.mcuxpresso.tools.macosx_11.0.0.201905131304/tools/bin/../lib/gcc/arm-none-eabi/8.2.1/../../../../arm-none-eabi/lib/thumb/v7-m/nofp/libcr_c.a(initio.o)
                0x00000000000034dc                _initio
 *fill*         0x0000000000003554        0x4 ff
 .text.pow      0x0000000000003558      0x544 /Applications/MCUXpressoIDE_11.0.0_2516/ide/plugins/com.nxp.mcuxpresso.tools.macosx_11.0.0.201905131304/tools/bin/../lib/gcc/arm-none-eabi/8.2.1/../../../../arm-none-eabi/lib/thumb/v7-m/nofp/libcr_c.a(pow.o)
                0x0000000000003558                pow
 .text.__vfprintf
                0x0000000000003a9c      0xbd4 /Applications/MCUXpressoIDE_11.0.0_2516/ide/plugins/com.nxp.mcuxpresso.tools.macosx_11.0.0.201905131304/tools/bin/../lib/gcc/arm-none-eabi/8.2.1/../../../../arm-none-eabi/lib/thumb/v7-m/nofp/libcr_c.a(printf.o)
                0x0000000000003a9c                __vfprintf
 .text.puts     0x0000000000004670       0x34 /Applications/MCUXpressoIDE_11.0.0_2516/ide/plugins/com.nxp.mcuxpresso.tools.macosx_11.0.0.201905131304/tools/bin/../lib/gcc/arm-none-eabi/8.2.1/../../../../arm-none-eabi/lib/thumb/v7-m/nofp/libcr_c.a(puts.o)
                0x0000000000004670                puts
 .text.setvbuf  0x00000000000046a4       0x40 /Applications/MCUXpressoIDE_11.0.0_2516/ide/plugins/com.nxp.mcuxpresso.tools.macosx_11.0.0.201905131304/tools/bin/../lib/gcc/arm-none-eabi/8.2.1/../../../../arm-none-eabi/lib/thumb/v7-m/nofp/libcr_c.a(setvbuf.o)
                0x00000000000046a4                setvbuf
 .text.sin      0x00000000000046e4       0x34 /Applications/MCUXpressoIDE_11.0.0_2516/ide/plugins/com.nxp.mcuxpresso.tools.macosx_11.0.0.201905131304/tools/bin/../lib/gcc/arm-none-eabi/8.2.1/../../../../arm-none-eabi/lib/thumb/v7-m/nofp/libcr_c.a(sin.o)
                0x00000000000046e4                sin
 .text.sqrt     0x0000000000004718      0x10c /Applications/MCUXpressoIDE_11.0.0_2516/ide/plugins/com.nxp.mcuxpresso.tools.macosx_11.0.0.201905131304/tools/bin/../lib/gcc/arm-none-eabi/8.2.1/../../../../arm-none-eabi/lib/thumb/v7-m/nofp/libcr_c.a(sqrt.o)
                0x0000000000004718                sqrt
 .text.abs      0x0000000000004824        0x8 /Applications/MCUXpressoIDE_11.0.0_2516/ide/plugins/com.nxp.mcuxpresso.tools.macosx_11.0.0.201905131304/tools/bin/../lib/gcc/arm-none-eabi/8.2.1/../../../../arm-none-eabi/lib/thumb/v7-m/nofp/libcr_c.a(stdlib.o)
                0x0000000000004824                abs
 .text.strlen   0x000000000000482c       0x4c /Applications/MCUXpressoIDE_11.0.0_2516/ide/plugins/com.nxp.mcuxpresso.tools.macosx_11.0.0.201905131304/tools/bin/../lib/gcc/arm-none-eabi/8.2.1/../../../../arm-none-eabi/lib/thumb/v7-m/nofp/libcr_c.a(strlen.o)
                0x000000000000482c                strlen
 .text.memset   0x0000000000004878        0x4 /Applications/MCUXpressoIDE_11.0.0_2516/ide/plugins/com.nxp.mcuxpresso.tools.macosx_11.0.0.201905131304/tools/bin/../lib/gcc/arm-none-eabi/8.2.1/../../../../arm-none-eabi/lib/thumb/v7-m/nofp/libcr_c.a(memset.o)
                0x0000000000004878                memset
 *fill*         0x000000000000487c        0x4 ff
 .text._asinacos
                0x0000000000004880      0x278 /Applications/MCUXpressoIDE_11.0.0_2516/ide/plugins/com.nxp.mcuxpresso.tools.macosx_11.0.0.201905131304/tools/bin/../lib/gcc/arm-none-eabi/8.2.1/../../../../arm-none-eabi/lib/thumb/v7-m/nofp/libcr_c.a(_asinacos.o)
                0x0000000000004880                _asinacos
 .text._deferredlazyseek
                0x0000000000004af8       0x40 /Applications/MCUXpressoIDE_11.0.0_2516/ide/plugins/com.nxp.mcuxpresso.tools.macosx_11.0.0.201905131304/tools/bin/../lib/gcc/arm-none-eabi/8.2.1/../../../../arm-none-eabi/lib/thumb/v7-m/nofp/libcr_c.a(_deferredlazyseek.o)
                0x0000000000004af8                _deferredlazyseek
 .text.__flsbuf
                0x0000000000004b38      0x140 /Applications/MCUXpressoIDE_11.0.0_2516/ide/plugins/com.nxp.mcuxpresso.tools.macosx_11.0.0.201905131304/tools/bin/../lib/gcc/arm-none-eabi/8.2.1/../../../../arm-none-eabi/lib/thumb/v7-m/nofp/libcr_c.a(_deferredlazyseek.o)
                0x0000000000004b38                __flsbuf
 .text._fdopen  0x0000000000004c78       0x68 /Applications/MCUXpressoIDE_11.0.0_2516/ide/plugins/com.nxp.mcuxpresso.tools.macosx_11.0.0.201905131304/tools/bin/../lib/gcc/arm-none-eabi/8.2.1/../../../../arm-none-eabi/lib/thumb/v7-m/nofp/libcr_c.a(_fdopen.o)
                0x0000000000004c78                _fdopen
 .text._fflush  0x0000000000004ce0       0x52 /Applications/MCUXpressoIDE_11.0.0_2516/ide/plugins/com.nxp.mcuxpresso.tools.macosx_11.0.0.201905131304/tools/bin/../lib/gcc/arm-none-eabi/8.2.1/../../../../arm-none-eabi/lib/thumb/v7-m/nofp/libcr_c.a(_fflush.o)
                0x0000000000004ce0                _fflush
 .text._frexpl  0x0000000000004d32       0x56 /Applications/MCUXpressoIDE_11.0.0_2516/ide/plugins/com.nxp.mcuxpresso.tools.macosx_11.0.0.201905131304/tools/bin/../lib/gcc/arm-none-eabi/8.2.1/../../../../arm-none-eabi/lib/thumb/v7-m/nofp/libcr_c.a(_frexpl.o)
                0x0000000000004d32                _frexpl
 .text._ldexpl  0x0000000000004d88       0x48 /Applications/MCUXpressoIDE_11.0.0_2516/ide/plugins/com.nxp.mcuxpresso.tools.macosx_11.0.0.201905131304/tools/bin/../lib/gcc/arm-none-eabi/8.2.1/../../../../arm-none-eabi/lib/thumb/v7-m/nofp/libcr_c.a(_ldexpl.o)
                0x0000000000004d88                _ldexpl
 .text._sincos  0x0000000000004dd0      0x1f4 /Applications/MCUXpressoIDE_11.0.0_2516/ide/plugins/com.nxp.mcuxpresso.tools.macosx_11.0.0.201905131304/tools/bin/../lib/gcc/arm-none-eabi/8.2.1/../../../../arm-none-eabi/lib/thumb/v7-m/nofp/libcr_c.a(_sincos.o)
                0x0000000000004dd0                _sincos
 .text._Cwritebuf
                0x0000000000004fc4       0x6c /Applications/MCUXpressoIDE_11.0.0_2516/ide/plugins/com.nxp.mcuxpresso.tools.macosx_11.0.0.201905131304/tools/bin/../lib/gcc/arm-none-eabi/8.2.1/../../../../arm-none-eabi/lib/thumb/v7-m/nofp/libcr_c.a(_writebuf.o)
                0x0000000000004fc4                _Cwritebuf
 .text.malloc   0x0000000000005030       0xc8 /Applications/MCUXpressoIDE_11.0.0_2516/ide/plugins/com.nxp.mcuxpresso.tools.macosx_11.0.0.201905131304/tools/bin/../lib/gcc/arm-none-eabi/8.2.1/../../../../arm-none-eabi/lib/thumb/v7-m/nofp/libcr_c.a(alloc.o)
                0x0000000000005030                malloc
 .text.free     0x00000000000050f8       0x30 /Applications/MCUXpressoIDE_11.0.0_2516/ide/plugins/com.nxp.mcuxpresso.tools.macosx_11.0.0.201905131304/tools/bin/../lib/gcc/arm-none-eabi/8.2.1/../../../../arm-none-eabi/lib/thumb/v7-m/nofp/libcr_c.a(alloc.o)
                0x00000000000050f8                free
 .text._Csys_alloc
                0x0000000000005128       0x20 /Applications/MCUXpressoIDE_11.0.0_2516/ide/plugins/com.nxp.mcuxpresso.tools.macosx_11.0.0.201905131304/tools/bin/../lib/gcc/arm-none-eabi/8.2.1/../../../../arm-none-eabi/lib/thumb/v7-m/nofp/libcr_c.a(alloc.o)
                0x0000000000005128                _Csys_alloc
 .text.fabs     0x0000000000005148       0x1e /Applications/MCUXpressoIDE_11.0.0_2516/ide/plugins/com.nxp.mcuxpresso.tools.macosx_11.0.0.201905131304/tools/bin/../lib/gcc/arm-none-eabi/8.2.1/../../../../arm-none-eabi/lib/thumb/v7-m/nofp/libcr_c.a(fabs.o)
                0x0000000000005148                fabs
 .text.fclose   0x0000000000005166       0x58 /Applications/MCUXpressoIDE_11.0.0_2516/ide/plugins/com.nxp.mcuxpresso.tools.macosx_11.0.0.201905131304/tools/bin/../lib/gcc/arm-none-eabi/8.2.1/../../../../arm-none-eabi/lib/thumb/v7-m/nofp/libcr_c.a(fclose.o)
                0x0000000000005166                fclose
 *fill*         0x00000000000051be        0x2 ff
 .text.fflush   0x00000000000051c0       0x44 /Applications/MCUXpressoIDE_11.0.0_2516/ide/plugins/com.nxp.mcuxpresso.tools.macosx_11.0.0.201905131304/tools/bin/../lib/gcc/arm-none-eabi/8.2.1/../../../../arm-none-eabi/lib/thumb/v7-m/nofp/libcr_c.a(fflush.o)
                0x00000000000051c0                fflush
 .text.frexp    0x0000000000005204       0x56 /Applications/MCUXpressoIDE_11.0.0_2516/ide/plugins/com.nxp.mcuxpresso.tools.macosx_11.0.0.201905131304/tools/bin/../lib/gcc/arm-none-eabi/8.2.1/../../../../arm-none-eabi/lib/thumb/v7-m/nofp/libcr_c.a(frexp.o)
                0x0000000000005204                frexp
 *fill*         0x000000000000525a        0x2 ff
 .text.fseek    0x000000000000525c      0x100 /Applications/MCUXpressoIDE_11.0.0_2516/ide/plugins/com.nxp.mcuxpresso.tools.macosx_11.0.0.201905131304/tools/bin/../lib/gcc/arm-none-eabi/8.2.1/../../../../arm-none-eabi/lib/thumb/v7-m/nofp/libcr_c.a(fseek.o)
                0x000000000000525c                fseek
 .text.ftell    0x000000000000535c       0x48 /Applications/MCUXpressoIDE_11.0.0_2516/ide/plugins/com.nxp.mcuxpresso.tools.macosx_11.0.0.201905131304/tools/bin/../lib/gcc/arm-none-eabi/8.2.1/../../../../arm-none-eabi/lib/thumb/v7-m/nofp/libcr_c.a(ftell.o)
                0x000000000000535c                ftell
 .text.ldexp    0x00000000000053a4       0x48 /Applications/MCUXpressoIDE_11.0.0_2516/ide/plugins/com.nxp.mcuxpresso.tools.macosx_11.0.0.201905131304/tools/bin/../lib/gcc/arm-none-eabi/8.2.1/../../../../arm-none-eabi/lib/thumb/v7-m/nofp/libcr_c.a(ldexp.o)
                0x00000000000053a4                ldexp
 .text.remove   0x00000000000053ec       0x14 /Applications/MCUXpressoIDE_11.0.0_2516/ide/plugins/com.nxp.mcuxpresso.tools.macosx_11.0.0.201905131304/tools/bin/../lib/gcc/arm-none-eabi/8.2.1/../../../../arm-none-eabi/lib/thumb/v7-m/nofp/libcr_c.a(remove.o)
                0x00000000000053ec                remove
 .text._sbrk    0x0000000000005400       0x3c /Applications/MCUXpressoIDE_11.0.0_2516/ide/plugins/com.nxp.mcuxpresso.tools.macosx_11.0.0.201905131304/tools/bin/../lib/gcc/arm-none-eabi/8.2.1/../../../../arm-none-eabi/lib/thumb/v7-m/nofp/libcr_c.a(_cr_sbrk.o)
                0x0000000000005400                _sbrk
 .text._do_fflush
                0x000000000000543c       0x40 /Applications/MCUXpressoIDE_11.0.0_2516/ide/plugins/com.nxp.mcuxpresso.tools.macosx_11.0.0.201905131304/tools/bin/../lib/gcc/arm-none-eabi/8.2.1/../../../../arm-none-eabi/lib/thumb/v7-m/nofp/libcr_c.a(_do_fflush.o)
                0x000000000000543c                _do_fflush
 .text.__check_heap_overflow
                0x000000000000547c       0x18 /Applications/MCUXpressoIDE_11.0.0_2516/ide/plugins/com.nxp.mcuxpresso.tools.macosx_11.0.0.201905131304/tools/bin/../lib/gcc/arm-none-eabi/8.2.1/../../../../arm-none-eabi/lib/thumb/v7-m/nofp/libcr_c.a(_cr_check_heap.o)
                0x000000000000547c                __check_heap_overflow
 .text.__aeabi_dmul
                0x0000000000005494      0x10c /Applications/MCUXpressoIDE_11.0.0_2516/ide/plugins/com.nxp.mcuxpresso.tools.macosx_11.0.0.201905131304/tools/bin/../lib/gcc/arm-none-eabi/8.2.1/thumb/v7-m/nofp/libcr_eabihelpers.a(double.o)
                0x0000000000005494                __aeabi_dmul
 .text.__aeabi_ddiv
                0x00000000000055a0      0x140 /Applications/MCUXpressoIDE_11.0.0_2516/ide/plugins/com.nxp.mcuxpresso.tools.macosx_11.0.0.201905131304/tools/bin/../lib/gcc/arm-none-eabi/8.2.1/thumb/v7-m/nofp/libcr_eabihelpers.a(double.o)
                0x00000000000055a0                __aeabi_ddiv
 .text.__aeabi_dsub
                0x00000000000056e0      0x1a8 /Applications/MCUXpressoIDE_11.0.0_2516/ide/plugins/com.nxp.mcuxpresso.tools.macosx_11.0.0.201905131304/tools/bin/../lib/gcc/arm-none-eabi/8.2.1/thumb/v7-m/nofp/libcr_eabihelpers.a(double.o)
                0x00000000000056e0                __aeabi_dsub
 .text.__aeabi_dadd
                0x0000000000005888      0x108 /Applications/MCUXpressoIDE_11.0.0_2516/ide/plugins/com.nxp.mcuxpresso.tools.macosx_11.0.0.201905131304/tools/bin/../lib/gcc/arm-none-eabi/8.2.1/thumb/v7-m/nofp/libcr_eabihelpers.a(double.o)
                0x0000000000005888                __aeabi_dadd
 .text.__aeabi_d2f
                0x0000000000005990       0x50 /Applications/MCUXpressoIDE_11.0.0_2516/ide/plugins/com.nxp.mcuxpresso.tools.macosx_11.0.0.201905131304/tools/bin/../lib/gcc/arm-none-eabi/8.2.1/thumb/v7-m/nofp/libcr_eabihelpers.a(double.o)
                0x0000000000005990                __aeabi_d2f
 .text.__aeabi_d2iz
                0x00000000000059e0       0x40 /Applications/MCUXpressoIDE_11.0.0_2516/ide/plugins/com.nxp.mcuxpresso.tools.macosx_11.0.0.201905131304/tools/bin/../lib/gcc/arm-none-eabi/8.2.1/thumb/v7-m/nofp/libcr_eabihelpers.a(double.o)
                0x00000000000059e0                __aeabi_d2iz
 .text.__bhs_ui2d
                0x0000000000005a20       0x46 /Applications/MCUXpressoIDE_11.0.0_2516/ide/plugins/com.nxp.mcuxpresso.tools.macosx_11.0.0.201905131304/tools/bin/../lib/gcc/arm-none-eabi/8.2.1/thumb/v7-m/nofp/libcr_eabihelpers.a(double.o)
                0x0000000000005a20                __bhs_ui2d
 .text.__aeabi_i2d
                0x0000000000005a66       0x12 /Applications/MCUXpressoIDE_11.0.0_2516/ide/plugins/com.nxp.mcuxpresso.tools.macosx_11.0.0.201905131304/tools/bin/../lib/gcc/arm-none-eabi/8.2.1/thumb/v7-m/nofp/libcr_eabihelpers.a(double.o)
                0x0000000000005a66                __aeabi_i2d
 .text.__aeabi_dcmpeq
                0x0000000000005a78       0x2a /Applications/MCUXpressoIDE_11.0.0_2516/ide/plugins/com.nxp.mcuxpresso.tools.macosx_11.0.0.201905131304/tools/bin/../lib/gcc/arm-none-eabi/8.2.1/thumb/v7-m/nofp/libcr_eabihelpers.a(double.o)
                0x0000000000005a78                __aeabi_dcmpeq
 .text.__aeabi_dcmplt
                0x0000000000005aa2       0x52 /Applications/MCUXpressoIDE_11.0.0_2516/ide/plugins/com.nxp.mcuxpresso.tools.macosx_11.0.0.201905131304/tools/bin/../lib/gcc/arm-none-eabi/8.2.1/thumb/v7-m/nofp/libcr_eabihelpers.a(double.o)
                0x0000000000005aa2                __aeabi_dcmplt
 .text.__aeabi_dcmpgt
                0x0000000000005af4       0x52 /Applications/MCUXpressoIDE_11.0.0_2516/ide/plugins/com.nxp.mcuxpresso.tools.macosx_11.0.0.201905131304/tools/bin/../lib/gcc/arm-none-eabi/8.2.1/thumb/v7-m/nofp/libcr_eabihelpers.a(double.o)
                0x0000000000005af4                __aeabi_dcmpgt
 .text.__aeabi_dcmple
                0x0000000000005b46       0x52 /Applications/MCUXpressoIDE_11.0.0_2516/ide/plugins/com.nxp.mcuxpresso.tools.macosx_11.0.0.201905131304/tools/bin/../lib/gcc/arm-none-eabi/8.2.1/thumb/v7-m/nofp/libcr_eabihelpers.a(double.o)
                0x0000000000005b46                __aeabi_dcmple
 .text.__aeabi_dcmpge
                0x0000000000005b98       0x58 /Applications/MCUXpressoIDE_11.0.0_2516/ide/plugins/com.nxp.mcuxpresso.tools.macosx_11.0.0.201905131304/tools/bin/../lib/gcc/arm-none-eabi/8.2.1/thumb/v7-m/nofp/libcr_eabihelpers.a(double.o)
                0x0000000000005b98                __aeabi_dcmpge
 .text.__aeabi_fmul
                0x0000000000005bf0       0xb0 /Applications/MCUXpressoIDE_11.0.0_2516/ide/plugins/com.nxp.mcuxpresso.tools.macosx_11.0.0.201905131304/tools/bin/../lib/gcc/arm-none-eabi/8.2.1/thumb/v7-m/nofp/libcr_eabihelpers.a(float.o)
                0x0000000000005bf0                __aeabi_fmul
 .text.__aeabi_fdiv
                0x0000000000005ca0       0xbc /Applications/MCUXpressoIDE_11.0.0_2516/ide/plugins/com.nxp.mcuxpresso.tools.macosx_11.0.0.201905131304/tools/bin/../lib/gcc/arm-none-eabi/8.2.1/thumb/v7-m/nofp/libcr_eabihelpers.a(float.o)
                0x0000000000005ca0                __aeabi_fdiv
 .text.__aeabi_fsub
                0x0000000000005d5c       0xe4 /Applications/MCUXpressoIDE_11.0.0_2516/ide/plugins/com.nxp.mcuxpresso.tools.macosx_11.0.0.201905131304/tools/bin/../lib/gcc/arm-none-eabi/8.2.1/thumb/v7-m/nofp/libcr_eabihelpers.a(float.o)
                0x0000000000005d5c                __aeabi_fsub
 .text.__aeabi_fadd
                0x0000000000005e40       0xac /Applications/MCUXpressoIDE_11.0.0_2516/ide/plugins/com.nxp.mcuxpresso.tools.macosx_11.0.0.201905131304/tools/bin/../lib/gcc/arm-none-eabi/8.2.1/thumb/v7-m/nofp/libcr_eabihelpers.a(float.o)
                0x0000000000005e40                __aeabi_fadd
 .text.__aeabi_f2iz
                0x0000000000005eec       0x36 /Applications/MCUXpressoIDE_11.0.0_2516/ide/plugins/com.nxp.mcuxpresso.tools.macosx_11.0.0.201905131304/tools/bin/../lib/gcc/arm-none-eabi/8.2.1/thumb/v7-m/nofp/libcr_eabihelpers.a(float.o)
                0x0000000000005eec                __aeabi_f2iz
 .text.__aeabi_f2uiz
                0x0000000000005f22       0x28 /Applications/MCUXpressoIDE_11.0.0_2516/ide/plugins/com.nxp.mcuxpresso.tools.macosx_11.0.0.201905131304/tools/bin/../lib/gcc/arm-none-eabi/8.2.1/thumb/v7-m/nofp/libcr_eabihelpers.a(float.o)
                0x0000000000005f22                __aeabi_f2uiz
 .text.__bhs_ui2f
                0x0000000000005f4a       0x26 /Applications/MCUXpressoIDE_11.0.0_2516/ide/plugins/com.nxp.mcuxpresso.tools.macosx_11.0.0.201905131304/tools/bin/../lib/gcc/arm-none-eabi/8.2.1/thumb/v7-m/nofp/libcr_eabihelpers.a(float.o)
                0x0000000000005f4a                __bhs_ui2f
 .text.__aeabi_i2f
                0x0000000000005f70       0x12 /Applications/MCUXpressoIDE_11.0.0_2516/ide/plugins/com.nxp.mcuxpresso.tools.macosx_11.0.0.201905131304/tools/bin/../lib/gcc/arm-none-eabi/8.2.1/thumb/v7-m/nofp/libcr_eabihelpers.a(float.o)
                0x0000000000005f70                __aeabi_i2f
 *fill*         0x0000000000005f82        0x2 ff
 .text.__aeabi_f2d
                0x0000000000005f84       0x38 /Applications/MCUXpressoIDE_11.0.0_2516/ide/plugins/com.nxp.mcuxpresso.tools.macosx_11.0.0.201905131304/tools/bin/../lib/gcc/arm-none-eabi/8.2.1/thumb/v7-m/nofp/libcr_eabihelpers.a(float.o)
                0x0000000000005f84                __aeabi_f2d
 .text.__aeabi_fcmplt
                0x0000000000005fbc       0x3a /Applications/MCUXpressoIDE_11.0.0_2516/ide/plugins/com.nxp.mcuxpresso.tools.macosx_11.0.0.201905131304/tools/bin/../lib/gcc/arm-none-eabi/8.2.1/thumb/v7-m/nofp/libcr_eabihelpers.a(float.o)
                0x0000000000005fbc                __aeabi_fcmplt
 .text.__aeabi_fcmpge
                0x0000000000005ff6       0x3e /Applications/MCUXpressoIDE_11.0.0_2516/ide/plugins/com.nxp.mcuxpresso.tools.macosx_11.0.0.201905131304/tools/bin/../lib/gcc/arm-none-eabi/8.2.1/thumb/v7-m/nofp/libcr_eabihelpers.a(float.o)
                0x0000000000005ff6                __aeabi_fcmpge
 .text.__aeabi_memset_lowlevel
                0x0000000000006034       0x32 /Applications/MCUXpressoIDE_11.0.0_2516/ide/plugins/com.nxp.mcuxpresso.tools.macosx_11.0.0.201905131304/tools/bin/../lib/gcc/arm-none-eabi/8.2.1/thumb/v7-m/nofp/libcr_eabihelpers.a(memcpy.o)
                0x0000000000006034                __aeabi_lowlevel_memset
 *fill*         0x0000000000006066        0x2 ff
 .text.__sys_appexit
                0x0000000000006068        0xc /Applications/MCUXpressoIDE_11.0.0_2516/ide/plugins/com.nxp.mcuxpresso.tools.macosx_11.0.0.201905131304/tools/bin/../lib/gcc/arm-none-eabi/8.2.1/../../../../arm-none-eabi/lib/thumb/v7-m/nofp/libcr_semihost.a(__sys_appexit.o)
                0x0000000000006068                __exit
                0x0000000000006068                __sys_appexit
 .text.__sys_close
                0x0000000000006074        0xc /Applications/MCUXpressoIDE_11.0.0_2516/ide/plugins/com.nxp.mcuxpresso.tools.macosx_11.0.0.201905131304/tools/bin/../lib/gcc/arm-none-eabi/8.2.1/../../../../arm-none-eabi/lib/thumb/v7-m/nofp/libcr_semihost.a(__sys_close.o)
                0x0000000000006074                __sys_close
 .text.__sys_flen
                0x0000000000006080        0xc /Applications/MCUXpressoIDE_11.0.0_2516/ide/plugins/com.nxp.mcuxpresso.tools.macosx_11.0.0.201905131304/tools/bin/../lib/gcc/arm-none-eabi/8.2.1/../../../../arm-none-eabi/lib/thumb/v7-m/nofp/libcr_semihost.a(__sys_flen.o)
                0x0000000000006080                __sys_flen
 .text.__sys_istty
                0x000000000000608c        0xc /Applications/MCUXpressoIDE_11.0.0_2516/ide/plugins/com.nxp.mcuxpresso.tools.macosx_11.0.0.201905131304/tools/bin/../lib/gcc/arm-none-eabi/8.2.1/../../../../arm-none-eabi/lib/thumb/v7-m/nofp/libcr_semihost.a(__sys_istty.o)
                0x000000000000608c                __sys_istty
 .text.__sys_remove
                0x0000000000006098        0xc /Applications/MCUXpressoIDE_11.0.0_2516/ide/plugins/com.nxp.mcuxpresso.tools.macosx_11.0.0.201905131304/tools/bin/../lib/gcc/arm-none-eabi/8.2.1/../../../../arm-none-eabi/lib/thumb/v7-m/nofp/libcr_semihost.a(__sys_remove.o)
                0x0000000000006098                __sys_remove
 .text.__sys_seek
                0x00000000000060a4        0xc /Applications/MCUXpressoIDE_11.0.0_2516/ide/plugins/com.nxp.mcuxpresso.tools.macosx_11.0.0.201905131304/tools/bin/../lib/gcc/arm-none-eabi/8.2.1/../../../../arm-none-eabi/lib/thumb/v7-m/nofp/libcr_semihost.a(__sys_seek.o)
                0x00000000000060a4                __sys_seek
 .text.__sys_tmpnam
                0x00000000000060b0        0xc /Applications/MCUXpressoIDE_11.0.0_2516/ide/plugins/com.nxp.mcuxpresso.tools.macosx_11.0.0.201905131304/tools/bin/../lib/gcc/arm-none-eabi/8.2.1/../../../../arm-none-eabi/lib/thumb/v7-m/nofp/libcr_semihost.a(__sys_tmpnam.o)
                0x00000000000060b0                __sys_tmpnam
 .text.__sys_write
                0x00000000000060bc        0xc /Applications/MCUXpressoIDE_11.0.0_2516/ide/plugins/com.nxp.mcuxpresso.tools.macosx_11.0.0.201905131304/tools/bin/../lib/gcc/arm-none-eabi/8.2.1/../../../../arm-none-eabi/lib/thumb/v7-m/nofp/libcr_semihost.a(__sys_write.o)
                0x00000000000060bc                __sys_write
 *(.rodata .rodata.* .constdata .constdata.*)
 .rodata        0x00000000000060c8       0x3b ./src/3D_Cube.o
 .rodata.fp_display.str1.1
                0x0000000000006103       0x34 /Applications/MCUXpressoIDE_11.0.0_2516/ide/plugins/com.nxp.mcuxpresso.tools.macosx_11.0.0.201905131304/tools/bin/../lib/gcc/arm-none-eabi/8.2.1/../../../../arm-none-eabi/lib/thumb/v7-m/nofp/libcr_c.a(fpprintf.o)
                                         0x35 (size before relaxing)
 .rodata._initio.str1.1
                0x0000000000006137        0x4 /Applications/MCUXpressoIDE_11.0.0_2516/ide/plugins/com.nxp.mcuxpresso.tools.macosx_11.0.0.201905131304/tools/bin/../lib/gcc/arm-none-eabi/8.2.1/../../../../arm-none-eabi/lib/thumb/v7-m/nofp/libcr_c.a(initio.o)
 *fill*         0x000000000000613b        0x5 ff
 .rodata.a1.3979
                0x0000000000006140       0x88 /Applications/MCUXpressoIDE_11.0.0_2516/ide/plugins/com.nxp.mcuxpresso.tools.macosx_11.0.0.201905131304/tools/bin/../lib/gcc/arm-none-eabi/8.2.1/../../../../arm-none-eabi/lib/thumb/v7-m/nofp/libcr_c.a(pow.o)
 .rodata.a2.3980
                0x00000000000061c8       0x40 /Applications/MCUXpressoIDE_11.0.0_2516/ide/plugins/com.nxp.mcuxpresso.tools.macosx_11.0.0.201905131304/tools/bin/../lib/gcc/arm-none-eabi/8.2.1/../../../../arm-none-eabi/lib/thumb/v7-m/nofp/libcr_c.a(pow.o)
 .rodata.__vfprintf.str1.1
                0x0000000000006208       0x31 /Applications/MCUXpressoIDE_11.0.0_2516/ide/plugins/com.nxp.mcuxpresso.tools.macosx_11.0.0.201905131304/tools/bin/../lib/gcc/arm-none-eabi/8.2.1/../../../../arm-none-eabi/lib/thumb/v7-m/nofp/libcr_c.a(printf.o)
                                         0x38 (size before relaxing)
 .rodata.puts.str1.1
                0x0000000000006239       0x31 /Applications/MCUXpressoIDE_11.0.0_2516/ide/plugins/com.nxp.mcuxpresso.tools.macosx_11.0.0.201905131304/tools/bin/../lib/gcc/arm-none-eabi/8.2.1/../../../../arm-none-eabi/lib/thumb/v7-m/nofp/libcr_c.a(puts.o)
                                          0x2 (size before relaxing)
 *fill*         0x0000000000006239        0x7 ff
 .rodata.a.3972
                0x0000000000006240       0x10 /Applications/MCUXpressoIDE_11.0.0_2516/ide/plugins/com.nxp.mcuxpresso.tools.macosx_11.0.0.201905131304/tools/bin/../lib/gcc/arm-none-eabi/8.2.1/../../../../arm-none-eabi/lib/thumb/v7-m/nofp/libcr_c.a(_asinacos.o)
 .rodata.b.3973
                0x0000000000006250       0x10 /Applications/MCUXpressoIDE_11.0.0_2516/ide/plugins/com.nxp.mcuxpresso.tools.macosx_11.0.0.201905131304/tools/bin/../lib/gcc/arm-none-eabi/8.2.1/../../../../arm-none-eabi/lib/thumb/v7-m/nofp/libcr_c.a(_asinacos.o)
 .rodata._Csys_alloc.str1.1
                0x0000000000006260       0x18 /Applications/MCUXpressoIDE_11.0.0_2516/ide/plugins/com.nxp.mcuxpresso.tools.macosx_11.0.0.201905131304/tools/bin/../lib/gcc/arm-none-eabi/8.2.1/../../../../arm-none-eabi/lib/thumb/v7-m/nofp/libcr_c.a(alloc.o)
 .rodata.__num_Ciob_streams
                0x0000000000006278        0x4 /Applications/MCUXpressoIDE_11.0.0_2516/ide/plugins/com.nxp.mcuxpresso.tools.macosx_11.0.0.201905131304/tools/bin/../lib/gcc/arm-none-eabi/8.2.1/../../../../arm-none-eabi/lib/thumb/v7-m/nofp/libcr_semihost.a(__ciob.o)
                0x0000000000006278                __num_Ciob_streams
                0x000000000000627c                . = ALIGN (0x4)

.glue_7         0x000000000000627c        0x0
 .glue_7        0x000000000000627c        0x0 linker stubs

.glue_7t        0x000000000000627c        0x0
 .glue_7t       0x000000000000627c        0x0 linker stubs

.vfp11_veneer   0x000000000000627c        0x0
 .vfp11_veneer  0x000000000000627c        0x0 linker stubs

.v4_bx          0x000000000000627c        0x0
 .v4_bx         0x000000000000627c        0x0 linker stubs

.iplt           0x000000000000627c        0x0
 .iplt          0x000000000000627c        0x0 ./src/3D_Cube.o

.rel.dyn        0x000000000000627c        0x0
 .rel.iplt      0x000000000000627c        0x0 ./src/3D_Cube.o

.ARM.extab
 *(.ARM.extab* .gnu.linkonce.armextab.*)
                0x000000000000627c                __exidx_start = .

.ARM.exidx
 *(.ARM.exidx* .gnu.linkonce.armexidx.*)
                0x000000000000627c                __exidx_end = .
                0x000000000000627c                _etext = .

.data_RAM2      0x000000002007c000        0x0 load address 0x000000000000627c
 FILL mask 0xff
                [!provide]                        PROVIDE (__start_data_RAM2 = .)
 *(.ramfunc.$RAM2)
 *(.ramfunc.$RamAHB32)
 *(.data.$RAM2)
 *(.data.$RamAHB32)
 *(.data.$RAM2.*)
 *(.data.$RamAHB32.*)
                0x000000002007c000                . = ALIGN (0x4)
                [!provide]                        PROVIDE (__end_data_RAM2 = .)

.uninit_RESERVED
                0x0000000010000000        0x0
                0x0000000010000000                . = ALIGN (0x4)
 *(.bss.$RESERVED*)
                0x0000000010000000                . = ALIGN (0x4)
                0x0000000010000000                _end_uninit_RESERVED = .

.data           0x0000000010000000       0x18 load address 0x000000000000627c
 FILL mask 0xff
                0x0000000010000000                _data = .
 *(vtable)
 *(.ramfunc*)
 *(.data*)
 .data._height  0x0000000010000000        0x4 ./src/3D_Cube.o
                0x0000000010000000                _height
 .data._width   0x0000000010000004        0x4 ./src/3D_Cube.o
                0x0000000010000004                _width
 .data.xe       0x0000000010000008        0x4 ./src/3D_Cube.o
                0x0000000010000008                xe
 .data.ye       0x000000001000000c        0x4 ./src/3D_Cube.o
                0x000000001000000c                ye
 .data.ze       0x0000000010000010        0x4 ./src/3D_Cube.o
                0x0000000010000010                ze
 .data.elev     0x0000000010000014        0x4 ./src/3D_Cube.o
                0x0000000010000014                elev
                0x0000000010000018                . = ALIGN (0x4)
                0x0000000010000018                _edata = .

.igot.plt       0x0000000010000018        0x0 load address 0x0000000000006294
 .igot.plt      0x0000000010000018        0x0 ./src/3D_Cube.o

.bss_RAM2       0x000000002007c000        0x0
                0x000000002007c000                . = ALIGN (0x4)
                [!provide]                        PROVIDE (__start_bss_RAM2 = .)
 *(.bss.$RAM2)
 *(.bss.$RamAHB32)
 *(.bss.$RAM2.*)
 *(.bss.$RamAHB32.*)
                0x000000002007c000                . = ALIGN ((. != 0x0)?0x4:0x1)
                [!provide]                        PROVIDE (__end_bss_RAM2 = .)

.bss            0x0000000010000018      0x224
                0x0000000010000018                . = ALIGN (0x4)
                0x0000000010000018                _bss = .
 *(.bss*)
 .bss.src_addr  0x0000000010000018       0x10 ./src/3D_Cube.o
                0x0000000010000018                src_addr
 .bss.dest_addr
                0x0000000010000028       0x10 ./src/3D_Cube.o
                0x0000000010000028                dest_addr
 .bss.interrupt0RxStat
                0x0000000010000038        0x4 ./src/ssp.o
                0x0000000010000038                interrupt0RxStat
 .bss.interrupt0OverRunStat
                0x000000001000003c        0x4 ./src/ssp.o
                0x000000001000003c                interrupt0OverRunStat
 .bss.interrupt0RxTimeoutStat
                0x0000000010000040        0x4 ./src/ssp.o
                0x0000000010000040                interrupt0RxTimeoutStat
 .bss.interrupt1RxStat
                0x0000000010000044        0x4 ./src/ssp.o
                0x0000000010000044                interrupt1RxStat
 .bss.interrupt1OverRunStat
                0x0000000010000048        0x4 ./src/ssp.o
                0x0000000010000048                interrupt1OverRunStat
 .bss.interrupt1RxTimeoutStat
                0x000000001000004c        0x4 ./src/ssp.o
                0x000000001000004c                interrupt1RxTimeoutStat
 .bss.errno     0x0000000010000050        0x4 /Applications/MCUXpressoIDE_11.0.0_2516/ide/plugins/com.nxp.mcuxpresso.tools.macosx_11.0.0.201905131304/tools/bin/../lib/gcc/arm-none-eabi/8.2.1/../../../../arm-none-eabi/lib/thumb/v7-m/nofp/libcr_c.a(errno.o)
                0x0000000010000050                errno
 .bss.__end_of_heap
                0x0000000010000054        0x4 /Applications/MCUXpressoIDE_11.0.0_2516/ide/plugins/com.nxp.mcuxpresso.tools.macosx_11.0.0.201905131304/tools/bin/../lib/gcc/arm-none-eabi/8.2.1/../../../../arm-none-eabi/lib/thumb/v7-m/nofp/libcr_c.a(__init_alloc.o)
                0x0000000010000054                __end_of_heap
 .bss.__heaps   0x0000000010000058        0x4 /Applications/MCUXpressoIDE_11.0.0_2516/ide/plugins/com.nxp.mcuxpresso.tools.macosx_11.0.0.201905131304/tools/bin/../lib/gcc/arm-none-eabi/8.2.1/../../../../arm-none-eabi/lib/thumb/v7-m/nofp/libcr_c.a(__init_alloc.o)
                0x0000000010000058                __heaps
 .bss.__Ciob    0x000000001000005c      0x1e0 /Applications/MCUXpressoIDE_11.0.0_2516/ide/plugins/com.nxp.mcuxpresso.tools.macosx_11.0.0.201905131304/tools/bin/../lib/gcc/arm-none-eabi/8.2.1/../../../../arm-none-eabi/lib/thumb/v7-m/nofp/libcr_semihost.a(__ciob.o)
                0x000000001000005c                __Ciob
 *(COMMON)
                0x000000001000023c                . = ALIGN (0x4)
                0x000000001000023c                _ebss = .
                [!provide]                        PROVIDE (end = .)

.noinit_RAM2    0x000000002007c000        0x0
                0x000000002007c000                . = ALIGN (0x4)
 *(.noinit.$RAM2)
 *(.noinit.$RamAHB32)
 *(.noinit.$RAM2.*)
 *(.noinit.$RamAHB32.*)
                0x000000002007c000                . = ALIGN (0x4)

.noinit         0x000000001000023c        0x0
                0x000000001000023c                . = ALIGN (0x4)
                0x000000001000023c                _noinit = .
 *(.noinit*)
                0x000000001000023c                . = ALIGN (0x4)
                0x000000001000023c                _end_noinit = .
                0x000000001000023c                PROVIDE (_pvHeapStart = DEFINED (__user_heap_base)?__user_heap_base:.)
                0x0000000010008000                PROVIDE (_vStackTop = DEFINED (__user_stack_top)?__user_stack_top:(__top_RamLoc32 - 0x0))
                0xffffffffefff74de                PROVIDE (__valid_user_code_checksum = (0x0 - ((((((_vStackTop + (ResetISR + 0x1)) + (NMI_Handler + 0x1)) + (HardFault_Handler + 0x1)) + (DEFINED (MemManage_Handler)?MemManage_Handler:0x0 + 0x1)) + (DEFINED (BusFault_Handler)?BusFault_Handler:0x0 + 0x1)) + (DEFINED (UsageFault_Handler)?UsageFault_Handler:0x0 + 0x1))))
                0x0000000000000000                _image_start = LOADADDR (.text)
                0x0000000000006294                _image_end = (LOADADDR (.data) + SIZEOF (.data))
                0x0000000000006294                _image_size = (_image_end - _image_start)
OUTPUT(3D_Cube.axf elf32-littlearm)

.debug_info     0x0000000000000000     0x2772
 .debug_info    0x0000000000000000     0x140e ./src/3D_Cube.o
 .debug_info    0x000000000000140e      0x276 ./src/cr_startup_lpc175x_6x.o
 .debug_info    0x0000000000001684       0x40 ./src/crp.o
 .debug_info    0x00000000000016c4      0xd31 ./src/ssp.o
 .debug_info    0x00000000000023f5      0x37d /Users/harika_pradeep/Downloads/CMPE240/CMSIS_CORE_LPC17xx/Debug/libCMSIS_CORE_LPC17xx.a(system_LPC17xx.o)

.debug_abbrev   0x0000000000000000      0x80d
 .debug_abbrev  0x0000000000000000      0x2c4 ./src/3D_Cube.o
 .debug_abbrev  0x00000000000002c4      0x12a ./src/cr_startup_lpc175x_6x.o
 .debug_abbrev  0x00000000000003ee       0x38 ./src/crp.o
 .debug_abbrev  0x0000000000000426      0x2cb ./src/ssp.o
 .debug_abbrev  0x00000000000006f1      0x11c /Users/harika_pradeep/Downloads/CMPE240/CMSIS_CORE_LPC17xx/Debug/libCMSIS_CORE_LPC17xx.a(system_LPC17xx.o)

.debug_aranges  0x0000000000000000      0x208
 .debug_aranges
                0x0000000000000000       0xe8 ./src/3D_Cube.o
 .debug_aranges
                0x00000000000000e8       0x80 ./src/cr_startup_lpc175x_6x.o
 .debug_aranges
                0x0000000000000168       0x18 ./src/crp.o
 .debug_aranges
                0x0000000000000180       0x60 ./src/ssp.o
 .debug_aranges
                0x00000000000001e0       0x28 /Users/harika_pradeep/Downloads/CMPE240/CMSIS_CORE_LPC17xx/Debug/libCMSIS_CORE_LPC17xx.a(system_LPC17xx.o)

.debug_ranges   0x0000000000000000      0x1b0
 .debug_ranges  0x0000000000000000       0xd8 ./src/3D_Cube.o
 .debug_ranges  0x00000000000000d8       0x70 ./src/cr_startup_lpc175x_6x.o
 .debug_ranges  0x0000000000000148       0x50 ./src/ssp.o
 .debug_ranges  0x0000000000000198       0x18 /Users/harika_pradeep/Downloads/CMPE240/CMSIS_CORE_LPC17xx/Debug/libCMSIS_CORE_LPC17xx.a(system_LPC17xx.o)

.debug_macro    0x0000000000000000     0x3234
 .debug_macro   0x0000000000000000      0x1b5 ./src/3D_Cube.o
 .debug_macro   0x00000000000001b5      0xaa8 ./src/3D_Cube.o
 .debug_macro   0x0000000000000c5d       0x82 ./src/3D_Cube.o
 .debug_macro   0x0000000000000cdf       0x34 ./src/3D_Cube.o
 .debug_macro   0x0000000000000d13       0x1c ./src/3D_Cube.o
 .debug_macro   0x0000000000000d2f       0x3a ./src/3D_Cube.o
 .debug_macro   0x0000000000000d69       0x10 ./src/3D_Cube.o
 .debug_macro   0x0000000000000d79      0x12e ./src/3D_Cube.o
 .debug_macro   0x0000000000000ea7      0x5b3 ./src/3D_Cube.o
 .debug_macro   0x000000000000145a       0x2d ./src/3D_Cube.o
 .debug_macro   0x0000000000001487      0xbb1 ./src/3D_Cube.o
 .debug_macro   0x0000000000002038      0x2c7 ./src/3D_Cube.o
 .debug_macro   0x00000000000022ff      0x118 ./src/3D_Cube.o
 .debug_macro   0x0000000000002417       0x28 ./src/3D_Cube.o
 .debug_macro   0x000000000000243f       0x9a ./src/3D_Cube.o
 .debug_macro   0x00000000000024d9       0xc4 ./src/3D_Cube.o
 .debug_macro   0x000000000000259d       0x10 ./src/3D_Cube.o
 .debug_macro   0x00000000000025ad       0x1d ./src/cr_startup_lpc175x_6x.o
 .debug_macro   0x00000000000025ca       0x1a ./src/crp.o
 .debug_macro   0x00000000000025e4       0x81 ./src/ssp.o
 .debug_macro   0x0000000000002665      0x12d /Users/harika_pradeep/Downloads/CMPE240/CMSIS_CORE_LPC17xx/Debug/libCMSIS_CORE_LPC17xx.a(system_LPC17xx.o)
 .debug_macro   0x0000000000002792      0xaa2 /Users/harika_pradeep/Downloads/CMPE240/CMSIS_CORE_LPC17xx/Debug/libCMSIS_CORE_LPC17xx.a(system_LPC17xx.o)

.debug_line     0x0000000000000000     0x1d8b
 .debug_line    0x0000000000000000     0x11be ./src/3D_Cube.o
 .debug_line    0x00000000000011be      0x160 ./src/cr_startup_lpc175x_6x.o
 .debug_line    0x000000000000131e       0xb9 ./src/crp.o
 .debug_line    0x00000000000013d7      0x540 ./src/ssp.o
 .debug_line    0x0000000000001917      0x474 /Users/harika_pradeep/Downloads/CMPE240/CMSIS_CORE_LPC17xx/Debug/libCMSIS_CORE_LPC17xx.a(system_LPC17xx.o)

.debug_str      0x0000000000000000     0xc044
 .debug_str     0x0000000000000000     0xb487 ./src/3D_Cube.o
                                       0xb544 (size before relaxing)
 .debug_str     0x000000000000b487      0x1d6 ./src/cr_startup_lpc175x_6x.o
                                       0x2fb0 (size before relaxing)
 .debug_str     0x000000000000b65d       0x16 ./src/crp.o
                                       0x2ebd (size before relaxing)
 .debug_str     0x000000000000b673      0x5bb ./src/ssp.o
                                       0xa842 (size before relaxing)
 .debug_str     0x000000000000bc2e      0x416 /Users/harika_pradeep/Downloads/CMPE240/CMSIS_CORE_LPC17xx/Debug/libCMSIS_CORE_LPC17xx.a(system_LPC17xx.o)
                                       0xa223 (size before relaxing)

.comment        0x0000000000000000       0x75
 .comment       0x0000000000000000       0x75 ./src/3D_Cube.o
                                         0x76 (size before relaxing)
 .comment       0x0000000000000075       0x76 ./src/cr_startup_lpc175x_6x.o
 .comment       0x0000000000000075       0x76 ./src/crp.o
 .comment       0x0000000000000075       0x76 ./src/ssp.o
 .comment       0x0000000000000075       0x76 /Users/harika_pradeep/Downloads/CMPE240/CMSIS_CORE_LPC17xx/Debug/libCMSIS_CORE_LPC17xx.a(system_LPC17xx.o)
 .comment       0x0000000000000075       0x76 /Applications/MCUXpressoIDE_11.0.0_2516/ide/plugins/com.nxp.mcuxpresso.tools.macosx_11.0.0.201905131304/tools/bin/../lib/gcc/arm-none-eabi/8.2.1/../../../../arm-none-eabi/lib/thumb/v7-m/nofp/libcr_semihost.a(_cr__main.o)
 .comment       0x0000000000000075       0x76 /Applications/MCUXpressoIDE_11.0.0_2516/ide/plugins/com.nxp.mcuxpresso.tools.macosx_11.0.0.201905131304/tools/bin/../lib/gcc/arm-none-eabi/8.2.1/../../../../arm-none-eabi/lib/thumb/v7-m/nofp/libcr_c.a(acos.o)
 .comment       0x0000000000000075       0x76 /Applications/MCUXpressoIDE_11.0.0_2516/ide/plugins/com.nxp.mcuxpresso.tools.macosx_11.0.0.201905131304/tools/bin/../lib/gcc/arm-none-eabi/8.2.1/../../../../arm-none-eabi/lib/thumb/v7-m/nofp/libcr_c.a(cos.o)
 .comment       0x0000000000000075       0x76 /Applications/MCUXpressoIDE_11.0.0_2516/ide/plugins/com.nxp.mcuxpresso.tools.macosx_11.0.0.201905131304/tools/bin/../lib/gcc/arm-none-eabi/8.2.1/../../../../arm-none-eabi/lib/thumb/v7-m/nofp/libcr_c.a(fpprintf.o)
 .comment       0x0000000000000075       0x76 /Applications/MCUXpressoIDE_11.0.0_2516/ide/plugins/com.nxp.mcuxpresso.tools.macosx_11.0.0.201905131304/tools/bin/../lib/gcc/arm-none-eabi/8.2.1/../../../../arm-none-eabi/lib/thumb/v7-m/nofp/libcr_c.a(initio.o)
 .comment       0x0000000000000075       0x76 /Applications/MCUXpressoIDE_11.0.0_2516/ide/plugins/com.nxp.mcuxpresso.tools.macosx_11.0.0.201905131304/tools/bin/../lib/gcc/arm-none-eabi/8.2.1/../../../../arm-none-eabi/lib/thumb/v7-m/nofp/libcr_c.a(pow.o)
 .comment       0x0000000000000075       0x76 /Applications/MCUXpressoIDE_11.0.0_2516/ide/plugins/com.nxp.mcuxpresso.tools.macosx_11.0.0.201905131304/tools/bin/../lib/gcc/arm-none-eabi/8.2.1/../../../../arm-none-eabi/lib/thumb/v7-m/nofp/libcr_c.a(printf.o)
 .comment       0x0000000000000075       0x76 /Applications/MCUXpressoIDE_11.0.0_2516/ide/plugins/com.nxp.mcuxpresso.tools.macosx_11.0.0.201905131304/tools/bin/../lib/gcc/arm-none-eabi/8.2.1/../../../../arm-none-eabi/lib/thumb/v7-m/nofp/libcr_c.a(puts.o)
 .comment       0x0000000000000075       0x76 /Applications/MCUXpressoIDE_11.0.0_2516/ide/plugins/com.nxp.mcuxpresso.tools.macosx_11.0.0.201905131304/tools/bin/../lib/gcc/arm-none-eabi/8.2.1/../../../../arm-none-eabi/lib/thumb/v7-m/nofp/libcr_c.a(setvbuf.o)
 .comment       0x0000000000000075       0x76 /Applications/MCUXpressoIDE_11.0.0_2516/ide/plugins/com.nxp.mcuxpresso.tools.macosx_11.0.0.201905131304/tools/bin/../lib/gcc/arm-none-eabi/8.2.1/../../../../arm-none-eabi/lib/thumb/v7-m/nofp/libcr_c.a(sin.o)
 .comment       0x0000000000000075       0x76 /Applications/MCUXpressoIDE_11.0.0_2516/ide/plugins/com.nxp.mcuxpresso.tools.macosx_11.0.0.201905131304/tools/bin/../lib/gcc/arm-none-eabi/8.2.1/../../../../arm-none-eabi/lib/thumb/v7-m/nofp/libcr_c.a(sqrt.o)
 .comment       0x0000000000000075       0x76 /Applications/MCUXpressoIDE_11.0.0_2516/ide/plugins/com.nxp.mcuxpresso.tools.macosx_11.0.0.201905131304/tools/bin/../lib/gcc/arm-none-eabi/8.2.1/../../../../arm-none-eabi/lib/thumb/v7-m/nofp/libcr_c.a(stdlib.o)
 .comment       0x0000000000000075       0x76 /Applications/MCUXpressoIDE_11.0.0_2516/ide/plugins/com.nxp.mcuxpresso.tools.macosx_11.0.0.201905131304/tools/bin/../lib/gcc/arm-none-eabi/8.2.1/../../../../arm-none-eabi/lib/thumb/v7-m/nofp/libcr_c.a(strlen.o)
 .comment       0x0000000000000075       0x76 /Applications/MCUXpressoIDE_11.0.0_2516/ide/plugins/com.nxp.mcuxpresso.tools.macosx_11.0.0.201905131304/tools/bin/../lib/gcc/arm-none-eabi/8.2.1/../../../../arm-none-eabi/lib/thumb/v7-m/nofp/libcr_c.a(memset.o)
 .comment       0x0000000000000075       0x76 /Applications/MCUXpressoIDE_11.0.0_2516/ide/plugins/com.nxp.mcuxpresso.tools.macosx_11.0.0.201905131304/tools/bin/../lib/gcc/arm-none-eabi/8.2.1/../../../../arm-none-eabi/lib/thumb/v7-m/nofp/libcr_c.a(_asinacos.o)
 .comment       0x0000000000000075       0x76 /Applications/MCUXpressoIDE_11.0.0_2516/ide/plugins/com.nxp.mcuxpresso.tools.macosx_11.0.0.201905131304/tools/bin/../lib/gcc/arm-none-eabi/8.2.1/../../../../arm-none-eabi/lib/thumb/v7-m/nofp/libcr_c.a(_deferredlazyseek.o)
 .comment       0x0000000000000075       0x76 /Applications/MCUXpressoIDE_11.0.0_2516/ide/plugins/com.nxp.mcuxpresso.tools.macosx_11.0.0.201905131304/tools/bin/../lib/gcc/arm-none-eabi/8.2.1/../../../../arm-none-eabi/lib/thumb/v7-m/nofp/libcr_c.a(_fdopen.o)
 .comment       0x0000000000000075       0x76 /Applications/MCUXpressoIDE_11.0.0_2516/ide/plugins/com.nxp.mcuxpresso.tools.macosx_11.0.0.201905131304/tools/bin/../lib/gcc/arm-none-eabi/8.2.1/../../../../arm-none-eabi/lib/thumb/v7-m/nofp/libcr_c.a(_fflush.o)
 .comment       0x0000000000000075       0x76 /Applications/MCUXpressoIDE_11.0.0_2516/ide/plugins/com.nxp.mcuxpresso.tools.macosx_11.0.0.201905131304/tools/bin/../lib/gcc/arm-none-eabi/8.2.1/../../../../arm-none-eabi/lib/thumb/v7-m/nofp/libcr_c.a(_frexpl.o)
 .comment       0x0000000000000075       0x76 /Applications/MCUXpressoIDE_11.0.0_2516/ide/plugins/com.nxp.mcuxpresso.tools.macosx_11.0.0.201905131304/tools/bin/../lib/gcc/arm-none-eabi/8.2.1/../../../../arm-none-eabi/lib/thumb/v7-m/nofp/libcr_c.a(_ldexpl.o)
 .comment       0x0000000000000075       0x76 /Applications/MCUXpressoIDE_11.0.0_2516/ide/plugins/com.nxp.mcuxpresso.tools.macosx_11.0.0.201905131304/tools/bin/../lib/gcc/arm-none-eabi/8.2.1/../../../../arm-none-eabi/lib/thumb/v7-m/nofp/libcr_c.a(_sincos.o)
 .comment       0x0000000000000075       0x76 /Applications/MCUXpressoIDE_11.0.0_2516/ide/plugins/com.nxp.mcuxpresso.tools.macosx_11.0.0.201905131304/tools/bin/../lib/gcc/arm-none-eabi/8.2.1/../../../../arm-none-eabi/lib/thumb/v7-m/nofp/libcr_c.a(_writebuf.o)
 .comment       0x0000000000000075       0x76 /Applications/MCUXpressoIDE_11.0.0_2516/ide/plugins/com.nxp.mcuxpresso.tools.macosx_11.0.0.201905131304/tools/bin/../lib/gcc/arm-none-eabi/8.2.1/../../../../arm-none-eabi/lib/thumb/v7-m/nofp/libcr_c.a(alloc.o)
 .comment       0x0000000000000075       0x76 /Applications/MCUXpressoIDE_11.0.0_2516/ide/plugins/com.nxp.mcuxpresso.tools.macosx_11.0.0.201905131304/tools/bin/../lib/gcc/arm-none-eabi/8.2.1/../../../../arm-none-eabi/lib/thumb/v7-m/nofp/libcr_c.a(errno.o)
 .comment       0x0000000000000075       0x76 /Applications/MCUXpressoIDE_11.0.0_2516/ide/plugins/com.nxp.mcuxpresso.tools.macosx_11.0.0.201905131304/tools/bin/../lib/gcc/arm-none-eabi/8.2.1/../../../../arm-none-eabi/lib/thumb/v7-m/nofp/libcr_c.a(fabs.o)
 .comment       0x0000000000000075       0x76 /Applications/MCUXpressoIDE_11.0.0_2516/ide/plugins/com.nxp.mcuxpresso.tools.macosx_11.0.0.201905131304/tools/bin/../lib/gcc/arm-none-eabi/8.2.1/../../../../arm-none-eabi/lib/thumb/v7-m/nofp/libcr_c.a(fclose.o)
 .comment       0x0000000000000075       0x76 /Applications/MCUXpressoIDE_11.0.0_2516/ide/plugins/com.nxp.mcuxpresso.tools.macosx_11.0.0.201905131304/tools/bin/../lib/gcc/arm-none-eabi/8.2.1/../../../../arm-none-eabi/lib/thumb/v7-m/nofp/libcr_c.a(fflush.o)
 .comment       0x0000000000000075       0x76 /Applications/MCUXpressoIDE_11.0.0_2516/ide/plugins/com.nxp.mcuxpresso.tools.macosx_11.0.0.201905131304/tools/bin/../lib/gcc/arm-none-eabi/8.2.1/../../../../arm-none-eabi/lib/thumb/v7-m/nofp/libcr_c.a(frexp.o)
 .comment       0x0000000000000075       0x76 /Applications/MCUXpressoIDE_11.0.0_2516/ide/plugins/com.nxp.mcuxpresso.tools.macosx_11.0.0.201905131304/tools/bin/../lib/gcc/arm-none-eabi/8.2.1/../../../../arm-none-eabi/lib/thumb/v7-m/nofp/libcr_c.a(fseek.o)
 .comment       0x0000000000000075       0x76 /Applications/MCUXpressoIDE_11.0.0_2516/ide/plugins/com.nxp.mcuxpresso.tools.macosx_11.0.0.201905131304/tools/bin/../lib/gcc/arm-none-eabi/8.2.1/../../../../arm-none-eabi/lib/thumb/v7-m/nofp/libcr_c.a(ftell.o)
 .comment       0x0000000000000075       0x76 /Applications/MCUXpressoIDE_11.0.0_2516/ide/plugins/com.nxp.mcuxpresso.tools.macosx_11.0.0.201905131304/tools/bin/../lib/gcc/arm-none-eabi/8.2.1/../../../../arm-none-eabi/lib/thumb/v7-m/nofp/libcr_c.a(ldexp.o)
 .comment       0x0000000000000075       0x76 /Applications/MCUXpressoIDE_11.0.0_2516/ide/plugins/com.nxp.mcuxpresso.tools.macosx_11.0.0.201905131304/tools/bin/../lib/gcc/arm-none-eabi/8.2.1/../../../../arm-none-eabi/lib/thumb/v7-m/nofp/libcr_c.a(remove.o)
 .comment       0x0000000000000075       0x76 /Applications/MCUXpressoIDE_11.0.0_2516/ide/plugins/com.nxp.mcuxpresso.tools.macosx_11.0.0.201905131304/tools/bin/../lib/gcc/arm-none-eabi/8.2.1/../../../../arm-none-eabi/lib/thumb/v7-m/nofp/libcr_c.a(__init_alloc.o)
 .comment       0x0000000000000075       0x76 /Applications/MCUXpressoIDE_11.0.0_2516/ide/plugins/com.nxp.mcuxpresso.tools.macosx_11.0.0.201905131304/tools/bin/../lib/gcc/arm-none-eabi/8.2.1/../../../../arm-none-eabi/lib/thumb/v7-m/nofp/libcr_c.a(_cr_sbrk.o)
 .comment       0x0000000000000075       0x76 /Applications/MCUXpressoIDE_11.0.0_2516/ide/plugins/com.nxp.mcuxpresso.tools.macosx_11.0.0.201905131304/tools/bin/../lib/gcc/arm-none-eabi/8.2.1/../../../../arm-none-eabi/lib/thumb/v7-m/nofp/libcr_c.a(_do_fflush.o)
 .comment       0x0000000000000075       0x76 /Applications/MCUXpressoIDE_11.0.0_2516/ide/plugins/com.nxp.mcuxpresso.tools.macosx_11.0.0.201905131304/tools/bin/../lib/gcc/arm-none-eabi/8.2.1/../../../../arm-none-eabi/lib/thumb/v7-m/nofp/libcr_c.a(_cr_check_heap.o)
 .comment       0x0000000000000075       0x76 /Applications/MCUXpressoIDE_11.0.0_2516/ide/plugins/com.nxp.mcuxpresso.tools.macosx_11.0.0.201905131304/tools/bin/../lib/gcc/arm-none-eabi/8.2.1/thumb/v7-m/nofp/libcr_eabihelpers.a(double.o)
 .comment       0x0000000000000075       0x76 /Applications/MCUXpressoIDE_11.0.0_2516/ide/plugins/com.nxp.mcuxpresso.tools.macosx_11.0.0.201905131304/tools/bin/../lib/gcc/arm-none-eabi/8.2.1/thumb/v7-m/nofp/libcr_eabihelpers.a(float.o)
 .comment       0x0000000000000075       0x76 /Applications/MCUXpressoIDE_11.0.0_2516/ide/plugins/com.nxp.mcuxpresso.tools.macosx_11.0.0.201905131304/tools/bin/../lib/gcc/arm-none-eabi/8.2.1/../../../../arm-none-eabi/lib/thumb/v7-m/nofp/libcr_semihost.a(__ciob.o)

.ARM.attributes
                0x0000000000000000       0x2b
 .ARM.attributes
                0x0000000000000000       0x2d ./src/3D_Cube.o
 .ARM.attributes
                0x000000000000002d       0x2d ./src/cr_startup_lpc175x_6x.o
 .ARM.attributes
                0x000000000000005a       0x33 ./src/crp.o
 .ARM.attributes
                0x000000000000008d       0x2d ./src/ssp.o
 .ARM.attributes
                0x00000000000000ba       0x2d /Users/harika_pradeep/Downloads/CMPE240/CMSIS_CORE_LPC17xx/Debug/libCMSIS_CORE_LPC17xx.a(system_LPC17xx.o)
 .ARM.attributes
                0x00000000000000e7       0x2d /Applications/MCUXpressoIDE_11.0.0_2516/ide/plugins/com.nxp.mcuxpresso.tools.macosx_11.0.0.201905131304/tools/bin/../lib/gcc/arm-none-eabi/8.2.1/../../../../arm-none-eabi/lib/thumb/v7-m/nofp/libcr_semihost.a(_cr__main.o)
 .ARM.attributes
                0x0000000000000114       0x2d /Applications/MCUXpressoIDE_11.0.0_2516/ide/plugins/com.nxp.mcuxpresso.tools.macosx_11.0.0.201905131304/tools/bin/../lib/gcc/arm-none-eabi/8.2.1/../../../../arm-none-eabi/lib/thumb/v7-m/nofp/libcr_c.a(acos.o)
 .ARM.attributes
                0x0000000000000141       0x2d /Applications/MCUXpressoIDE_11.0.0_2516/ide/plugins/com.nxp.mcuxpresso.tools.macosx_11.0.0.201905131304/tools/bin/../lib/gcc/arm-none-eabi/8.2.1/../../../../arm-none-eabi/lib/thumb/v7-m/nofp/libcr_c.a(cos.o)
 .ARM.attributes
                0x000000000000016e       0x2d /Applications/MCUXpressoIDE_11.0.0_2516/ide/plugins/com.nxp.mcuxpresso.tools.macosx_11.0.0.201905131304/tools/bin/../lib/gcc/arm-none-eabi/8.2.1/../../../../arm-none-eabi/lib/thumb/v7-m/nofp/libcr_c.a(fpprintf.o)
 .ARM.attributes
                0x000000000000019b       0x2d /Applications/MCUXpressoIDE_11.0.0_2516/ide/plugins/com.nxp.mcuxpresso.tools.macosx_11.0.0.201905131304/tools/bin/../lib/gcc/arm-none-eabi/8.2.1/../../../../arm-none-eabi/lib/thumb/v7-m/nofp/libcr_c.a(initio.o)
 .ARM.attributes
                0x00000000000001c8       0x2d /Applications/MCUXpressoIDE_11.0.0_2516/ide/plugins/com.nxp.mcuxpresso.tools.macosx_11.0.0.201905131304/tools/bin/../lib/gcc/arm-none-eabi/8.2.1/../../../../arm-none-eabi/lib/thumb/v7-m/nofp/libcr_c.a(pow.o)
 .ARM.attributes
                0x00000000000001f5       0x2d /Applications/MCUXpressoIDE_11.0.0_2516/ide/plugins/com.nxp.mcuxpresso.tools.macosx_11.0.0.201905131304/tools/bin/../lib/gcc/arm-none-eabi/8.2.1/../../../../arm-none-eabi/lib/thumb/v7-m/nofp/libcr_c.a(printf.o)
 .ARM.attributes
                0x0000000000000222       0x2d /Applications/MCUXpressoIDE_11.0.0_2516/ide/plugins/com.nxp.mcuxpresso.tools.macosx_11.0.0.201905131304/tools/bin/../lib/gcc/arm-none-eabi/8.2.1/../../../../arm-none-eabi/lib/thumb/v7-m/nofp/libcr_c.a(puts.o)
 .ARM.attributes
                0x000000000000024f       0x2d /Applications/MCUXpressoIDE_11.0.0_2516/ide/plugins/com.nxp.mcuxpresso.tools.macosx_11.0.0.201905131304/tools/bin/../lib/gcc/arm-none-eabi/8.2.1/../../../../arm-none-eabi/lib/thumb/v7-m/nofp/libcr_c.a(setvbuf.o)
 .ARM.attributes
                0x000000000000027c       0x2d /Applications/MCUXpressoIDE_11.0.0_2516/ide/plugins/com.nxp.mcuxpresso.tools.macosx_11.0.0.201905131304/tools/bin/../lib/gcc/arm-none-eabi/8.2.1/../../../../arm-none-eabi/lib/thumb/v7-m/nofp/libcr_c.a(sin.o)
 .ARM.attributes
                0x00000000000002a9       0x2d /Applications/MCUXpressoIDE_11.0.0_2516/ide/plugins/com.nxp.mcuxpresso.tools.macosx_11.0.0.201905131304/tools/bin/../lib/gcc/arm-none-eabi/8.2.1/../../../../arm-none-eabi/lib/thumb/v7-m/nofp/libcr_c.a(sqrt.o)
 .ARM.attributes
                0x00000000000002d6       0x2d /Applications/MCUXpressoIDE_11.0.0_2516/ide/plugins/com.nxp.mcuxpresso.tools.macosx_11.0.0.201905131304/tools/bin/../lib/gcc/arm-none-eabi/8.2.1/../../../../arm-none-eabi/lib/thumb/v7-m/nofp/libcr_c.a(stdlib.o)
 .ARM.attributes
                0x0000000000000303       0x2d /Applications/MCUXpressoIDE_11.0.0_2516/ide/plugins/com.nxp.mcuxpresso.tools.macosx_11.0.0.201905131304/tools/bin/../lib/gcc/arm-none-eabi/8.2.1/../../../../arm-none-eabi/lib/thumb/v7-m/nofp/libcr_c.a(strlen.o)
 .ARM.attributes
                0x0000000000000330       0x2d /Applications/MCUXpressoIDE_11.0.0_2516/ide/plugins/com.nxp.mcuxpresso.tools.macosx_11.0.0.201905131304/tools/bin/../lib/gcc/arm-none-eabi/8.2.1/../../../../arm-none-eabi/lib/thumb/v7-m/nofp/libcr_c.a(memset.o)
 .ARM.attributes
                0x000000000000035d       0x2d /Applications/MCUXpressoIDE_11.0.0_2516/ide/plugins/com.nxp.mcuxpresso.tools.macosx_11.0.0.201905131304/tools/bin/../lib/gcc/arm-none-eabi/8.2.1/../../../../arm-none-eabi/lib/thumb/v7-m/nofp/libcr_c.a(_asinacos.o)
 .ARM.attributes
                0x000000000000038a       0x2d /Applications/MCUXpressoIDE_11.0.0_2516/ide/plugins/com.nxp.mcuxpresso.tools.macosx_11.0.0.201905131304/tools/bin/../lib/gcc/arm-none-eabi/8.2.1/../../../../arm-none-eabi/lib/thumb/v7-m/nofp/libcr_c.a(_deferredlazyseek.o)
 .ARM.attributes
                0x00000000000003b7       0x2d /Applications/MCUXpressoIDE_11.0.0_2516/ide/plugins/com.nxp.mcuxpresso.tools.macosx_11.0.0.201905131304/tools/bin/../lib/gcc/arm-none-eabi/8.2.1/../../../../arm-none-eabi/lib/thumb/v7-m/nofp/libcr_c.a(_fdopen.o)
 .ARM.attributes
                0x00000000000003e4       0x2d /Applications/MCUXpressoIDE_11.0.0_2516/ide/plugins/com.nxp.mcuxpresso.tools.macosx_11.0.0.201905131304/tools/bin/../lib/gcc/arm-none-eabi/8.2.1/../../../../arm-none-eabi/lib/thumb/v7-m/nofp/libcr_c.a(_fflush.o)
 .ARM.attributes
                0x0000000000000411       0x2d /Applications/MCUXpressoIDE_11.0.0_2516/ide/plugins/com.nxp.mcuxpresso.tools.macosx_11.0.0.201905131304/tools/bin/../lib/gcc/arm-none-eabi/8.2.1/../../../../arm-none-eabi/lib/thumb/v7-m/nofp/libcr_c.a(_frexpl.o)
 .ARM.attributes
                0x000000000000043e       0x2d /Applications/MCUXpressoIDE_11.0.0_2516/ide/plugins/com.nxp.mcuxpresso.tools.macosx_11.0.0.201905131304/tools/bin/../lib/gcc/arm-none-eabi/8.2.1/../../../../arm-none-eabi/lib/thumb/v7-m/nofp/libcr_c.a(_ldexpl.o)
 .ARM.attributes
                0x000000000000046b       0x2d /Applications/MCUXpressoIDE_11.0.0_2516/ide/plugins/com.nxp.mcuxpresso.tools.macosx_11.0.0.201905131304/tools/bin/../lib/gcc/arm-none-eabi/8.2.1/../../../../arm-none-eabi/lib/thumb/v7-m/nofp/libcr_c.a(_sincos.o)
 .ARM.attributes
                0x0000000000000498       0x2d /Applications/MCUXpressoIDE_11.0.0_2516/ide/plugins/com.nxp.mcuxpresso.tools.macosx_11.0.0.201905131304/tools/bin/../lib/gcc/arm-none-eabi/8.2.1/../../../../arm-none-eabi/lib/thumb/v7-m/nofp/libcr_c.a(_writebuf.o)
 .ARM.attributes
                0x00000000000004c5       0x2d /Applications/MCUXpressoIDE_11.0.0_2516/ide/plugins/com.nxp.mcuxpresso.tools.macosx_11.0.0.201905131304/tools/bin/../lib/gcc/arm-none-eabi/8.2.1/../../../../arm-none-eabi/lib/thumb/v7-m/nofp/libcr_c.a(alloc.o)
 .ARM.attributes
                0x00000000000004f2       0x33 /Applications/MCUXpressoIDE_11.0.0_2516/ide/plugins/com.nxp.mcuxpresso.tools.macosx_11.0.0.201905131304/tools/bin/../lib/gcc/arm-none-eabi/8.2.1/../../../../arm-none-eabi/lib/thumb/v7-m/nofp/libcr_c.a(errno.o)
 .ARM.attributes
                0x0000000000000525       0x2d /Applications/MCUXpressoIDE_11.0.0_2516/ide/plugins/com.nxp.mcuxpresso.tools.macosx_11.0.0.201905131304/tools/bin/../lib/gcc/arm-none-eabi/8.2.1/../../../../arm-none-eabi/lib/thumb/v7-m/nofp/libcr_c.a(fabs.o)
 .ARM.attributes
                0x0000000000000552       0x2d /Applications/MCUXpressoIDE_11.0.0_2516/ide/plugins/com.nxp.mcuxpresso.tools.macosx_11.0.0.201905131304/tools/bin/../lib/gcc/arm-none-eabi/8.2.1/../../../../arm-none-eabi/lib/thumb/v7-m/nofp/libcr_c.a(fclose.o)
 .ARM.attributes
                0x000000000000057f       0x2d /Applications/MCUXpressoIDE_11.0.0_2516/ide/plugins/com.nxp.mcuxpresso.tools.macosx_11.0.0.201905131304/tools/bin/../lib/gcc/arm-none-eabi/8.2.1/../../../../arm-none-eabi/lib/thumb/v7-m/nofp/libcr_c.a(fflush.o)
 .ARM.attributes
                0x00000000000005ac       0x2d /Applications/MCUXpressoIDE_11.0.0_2516/ide/plugins/com.nxp.mcuxpresso.tools.macosx_11.0.0.201905131304/tools/bin/../lib/gcc/arm-none-eabi/8.2.1/../../../../arm-none-eabi/lib/thumb/v7-m/nofp/libcr_c.a(frexp.o)
 .ARM.attributes
                0x00000000000005d9       0x2d /Applications/MCUXpressoIDE_11.0.0_2516/ide/plugins/com.nxp.mcuxpresso.tools.macosx_11.0.0.201905131304/tools/bin/../lib/gcc/arm-none-eabi/8.2.1/../../../../arm-none-eabi/lib/thumb/v7-m/nofp/libcr_c.a(fseek.o)
 .ARM.attributes
                0x0000000000000606       0x2d /Applications/MCUXpressoIDE_11.0.0_2516/ide/plugins/com.nxp.mcuxpresso.tools.macosx_11.0.0.201905131304/tools/bin/../lib/gcc/arm-none-eabi/8.2.1/../../../../arm-none-eabi/lib/thumb/v7-m/nofp/libcr_c.a(ftell.o)
 .ARM.attributes
                0x0000000000000633       0x2d /Applications/MCUXpressoIDE_11.0.0_2516/ide/plugins/com.nxp.mcuxpresso.tools.macosx_11.0.0.201905131304/tools/bin/../lib/gcc/arm-none-eabi/8.2.1/../../../../arm-none-eabi/lib/thumb/v7-m/nofp/libcr_c.a(ldexp.o)
 .ARM.attributes
                0x0000000000000660       0x2d /Applications/MCUXpressoIDE_11.0.0_2516/ide/plugins/com.nxp.mcuxpresso.tools.macosx_11.0.0.201905131304/tools/bin/../lib/gcc/arm-none-eabi/8.2.1/../../../../arm-none-eabi/lib/thumb/v7-m/nofp/libcr_c.a(remove.o)
 .ARM.attributes
                0x000000000000068d       0x2d /Applications/MCUXpressoIDE_11.0.0_2516/ide/plugins/com.nxp.mcuxpresso.tools.macosx_11.0.0.201905131304/tools/bin/../lib/gcc/arm-none-eabi/8.2.1/../../../../arm-none-eabi/lib/thumb/v7-m/nofp/libcr_c.a(__init_alloc.o)
 .ARM.attributes
                0x00000000000006ba       0x2d /Applications/MCUXpressoIDE_11.0.0_2516/ide/plugins/com.nxp.mcuxpresso.tools.macosx_11.0.0.201905131304/tools/bin/../lib/gcc/arm-none-eabi/8.2.1/../../../../arm-none-eabi/lib/thumb/v7-m/nofp/libcr_c.a(_cr_sbrk.o)
 .ARM.attributes
                0x00000000000006e7       0x2d /Applications/MCUXpressoIDE_11.0.0_2516/ide/plugins/com.nxp.mcuxpresso.tools.macosx_11.0.0.201905131304/tools/bin/../lib/gcc/arm-none-eabi/8.2.1/../../../../arm-none-eabi/lib/thumb/v7-m/nofp/libcr_c.a(_do_fflush.o)
 .ARM.attributes
                0x0000000000000714       0x2d /Applications/MCUXpressoIDE_11.0.0_2516/ide/plugins/com.nxp.mcuxpresso.tools.macosx_11.0.0.201905131304/tools/bin/../lib/gcc/arm-none-eabi/8.2.1/../../../../arm-none-eabi/lib/thumb/v7-m/nofp/libcr_c.a(_cr_check_heap.o)
 .ARM.attributes
                0x0000000000000741       0x2d /Applications/MCUXpressoIDE_11.0.0_2516/ide/plugins/com.nxp.mcuxpresso.tools.macosx_11.0.0.201905131304/tools/bin/../lib/gcc/arm-none-eabi/8.2.1/thumb/v7-m/nofp/libcr_eabihelpers.a(double.o)
 .ARM.attributes
                0x000000000000076e       0x2d /Applications/MCUXpressoIDE_11.0.0_2516/ide/plugins/com.nxp.mcuxpresso.tools.macosx_11.0.0.201905131304/tools/bin/../lib/gcc/arm-none-eabi/8.2.1/thumb/v7-m/nofp/libcr_eabihelpers.a(float.o)
 .ARM.attributes
                0x000000000000079b       0x1b /Applications/MCUXpressoIDE_11.0.0_2516/ide/plugins/com.nxp.mcuxpresso.tools.macosx_11.0.0.201905131304/tools/bin/../lib/gcc/arm-none-eabi/8.2.1/thumb/v7-m/nofp/libcr_eabihelpers.a(memcpy.o)
 .ARM.attributes
                0x00000000000007b6       0x33 /Applications/MCUXpressoIDE_11.0.0_2516/ide/plugins/com.nxp.mcuxpresso.tools.macosx_11.0.0.201905131304/tools/bin/../lib/gcc/arm-none-eabi/8.2.1/../../../../arm-none-eabi/lib/thumb/v7-m/nofp/libcr_semihost.a(__ciob.o)
 .ARM.attributes
                0x00000000000007e9       0x1b /Applications/MCUXpressoIDE_11.0.0_2516/ide/plugins/com.nxp.mcuxpresso.tools.macosx_11.0.0.201905131304/tools/bin/../lib/gcc/arm-none-eabi/8.2.1/../../../../arm-none-eabi/lib/thumb/v7-m/nofp/libcr_semihost.a(__sys_appexit.o)
 .ARM.attributes
                0x0000000000000804       0x1b /Applications/MCUXpressoIDE_11.0.0_2516/ide/plugins/com.nxp.mcuxpresso.tools.macosx_11.0.0.201905131304/tools/bin/../lib/gcc/arm-none-eabi/8.2.1/../../../../arm-none-eabi/lib/thumb/v7-m/nofp/libcr_semihost.a(__sys_close.o)
 .ARM.attributes
                0x000000000000081f       0x1b /Applications/MCUXpressoIDE_11.0.0_2516/ide/plugins/com.nxp.mcuxpresso.tools.macosx_11.0.0.201905131304/tools/bin/../lib/gcc/arm-none-eabi/8.2.1/../../../../arm-none-eabi/lib/thumb/v7-m/nofp/libcr_semihost.a(__sys_flen.o)
 .ARM.attributes
                0x000000000000083a       0x1b /Applications/MCUXpressoIDE_11.0.0_2516/ide/plugins/com.nxp.mcuxpresso.tools.macosx_11.0.0.201905131304/tools/bin/../lib/gcc/arm-none-eabi/8.2.1/../../../../arm-none-eabi/lib/thumb/v7-m/nofp/libcr_semihost.a(__sys_istty.o)
 .ARM.attributes
                0x0000000000000855       0x1b /Applications/MCUXpressoIDE_11.0.0_2516/ide/plugins/com.nxp.mcuxpresso.tools.macosx_11.0.0.201905131304/tools/bin/../lib/gcc/arm-none-eabi/8.2.1/../../../../arm-none-eabi/lib/thumb/v7-m/nofp/libcr_semihost.a(__sys_remove.o)
 .ARM.attributes
                0x0000000000000870       0x1b /Applications/MCUXpressoIDE_11.0.0_2516/ide/plugins/com.nxp.mcuxpresso.tools.macosx_11.0.0.201905131304/tools/bin/../lib/gcc/arm-none-eabi/8.2.1/../../../../arm-none-eabi/lib/thumb/v7-m/nofp/libcr_semihost.a(__sys_seek.o)
 .ARM.attributes
                0x000000000000088b       0x1b /Applications/MCUXpressoIDE_11.0.0_2516/ide/plugins/com.nxp.mcuxpresso.tools.macosx_11.0.0.201905131304/tools/bin/../lib/gcc/arm-none-eabi/8.2.1/../../../../arm-none-eabi/lib/thumb/v7-m/nofp/libcr_semihost.a(__sys_tmpnam.o)
 .ARM.attributes
                0x00000000000008a6       0x1b /Applications/MCUXpressoIDE_11.0.0_2516/ide/plugins/com.nxp.mcuxpresso.tools.macosx_11.0.0.201905131304/tools/bin/../lib/gcc/arm-none-eabi/8.2.1/../../../../arm-none-eabi/lib/thumb/v7-m/nofp/libcr_semihost.a(__sys_write.o)

.debug_frame    0x0000000000000000      0x768
 .debug_frame   0x0000000000000000      0x44c ./src/3D_Cube.o
 .debug_frame   0x000000000000044c      0x170 ./src/cr_startup_lpc175x_6x.o
 .debug_frame   0x00000000000005bc      0x170 ./src/ssp.o
 .debug_frame   0x000000000000072c       0x3c /Users/harika_pradeep/Downloads/CMPE240/CMSIS_CORE_LPC17xx/Debug/libCMSIS_CORE_LPC17xx.a(system_LPC17xx.o)
